<html>
<body>
<pre>
<h1>µVision Build Log</h1>
<h2>Project:</h2>
C:\Nordic Semiconductor\nRF51 SDK_v6.0.0.43681\Nordic\nrf51822\Board\nrf6310\spi_master_example\arm\spi_master_example.uvprojx
Project File Date:  07/14/2014

<h2>Output:</h2>
Rebuild target 'nrf51822_xxaa (256K)'
creating preprocessor file for main.c...
compiling main.c...
assembling arm_startup_nrf51.s...
creating preprocessor file for system_nrf51.c...
compiling system_nrf51.c...
creating preprocessor file for spi_master.c...
compiling spi_master.c...
creating preprocessor file for nrf_delay.c...
compiling nrf_delay.c...
creating preprocessor file for nrf_soc.c...
compiling nrf_soc.c...
creating preprocessor file for simple_uart.c...
compiling simple_uart.c...
linking...
Program Size: Code=4280 RO-data=284 RW-data=12 ZI-data=4476  
FromELF: creating hex file...
".\_build\spi_master_example_arm.axf" - 0 Error(s), 0 Warning(s).

<h2>Software Packages used:</h2>

Package Vendor: ARM
                http://www.keil.com/pack/ARM.CMSIS.4.1.1.pack
                ARM::CMSIS:CORE:3.30.0
                CMSIS (Cortex Microcontroller Software Interface Standard)
   * Component: CORE Version: 3.30.0

Package Vendor: NordicSemiconductor
                http://www.keil.com/pack/NordicSemiconductor.nRF_DeviceFamilyPack.1.1.1.pack
                NordicSemiconductor::Device:Startup:1.0.0
                Nordic Semiconductor nRF ARM devices Device Family Pack.
   * Component: Startup Version: 1.0.0

<h2>Collection of Component include folders:</h2>
  C:\Nordic Semiconductor\nRF51 SDK_v6.0.0.43681\Nordic\nrf51822\Board\nrf6310\spi_master_example\arm\RTE
  C:\Keil_v5\ARM\PACK\ARM\CMSIS\4.1.1\CMSIS\Include
  C:\Keil_v5\ARM\PACK\NordicSemiconductor\nRF_DeviceFamilyPack\1.1.1\Device\Include

<h2>Collection of Component Files used:</h2>

   * Component: ARM::CMSIS:CORE:3.30.0
      Source file:   CMSIS\UserCodeTemplates\ARM\ITM_Retarget.c

   * Component: NordicSemiconductor::Device:Startup:1.0.0
      Source file:   Device\Source\arm\arm_startup_nrf51.s
      Source file:   Device\Source\system_nrf51.c
      Include file:  Device\Include\system_nrf51.h
</pre>
</body>
</html>
le:   Device\Source\system_nrf51.c
      Include file:  Device\Include\system_nrf51.h
nclude file:  Device\Include\system_nrf51.h
ing arm_startup_nrf51.s...
creating preprocessor file for system_nrf51.c...
compiling system_nrf51.c...
creating preprocessor file for spi_master.c...
compiling spi_master.c...
..\..\..\..\Include\spi_master.h(39): error:  #40: expected an identifier
                SPI_FREQUENCY_FREQUENCY_K500, /**< Serial clock frequency 1 Mbps. */      \
..\..\..\..\Include\spi_master.h(40): error:  #40: expected an identifier
      SPI_PIN_DISCONNECTED,       /**< SCK pin DISCONNECTED. */               \
..\..\..\..\Include\spi_master.h(41): error:  #40: expected an identifier
      SPI_PIN_DISCONNECTED,       /**< MISO pin DISCONNECTED. */              \
..\..\..\..\Include\spi_master.h(42): error:  #40: expected an identifier
      SPI_PIN_DISCONNECTED,       /**< MOSI pin DISCONNECTED. */              \
..\..\..\..\Include\spi_master.h(43): error:  #40: expected an identifier
      SPI_PIN_DISCONNECTED,       /**< Slave select pin DISCONNECTED. */      \
..\..\..\..\Include\spi_master.h(44): error:  #77-D: this declaration has no storage class or type specifier
      APP_IRQ_PRIORITY_LOW,       /**< Interrupt priority LOW. */             \
..\..\..\..\Include\spi_master.h(45): error:  #40: expected an identifier
      SPI_CONFIG_ORDER_LsbFirst,  /**< Bits order LSB. */                     \
..\..\..\..\Include\spi_master.h(46): error:  #40: expected an identifier
      SPI_CONFIG_CPOL_ActiveHigh, /**< Serial clock polarity ACTIVEHIGH. */   \
..\..\..\..\Include\spi_master.h(47): error:  #40: expected an identifier
      SPI_CONFIG_CPHA_Leading,    /**< Serial clock phase LEADING. */         \
..\..\..\..\Include\spi_master.h(48): error:  #40: expected an identifier
..\..\..\..\Source\spi_master\spi_master.c: 0 warnings, 10 errors
creating preprocessor file for nrf_delay.c...
compiling nrf_delay.c...
creating preprocessor file for nrf_soc.c...
compiling nrf_soc.c...
creating preprocessor file for simple_uart.c...
compiling simple_uart.c...
".\_build\spi_master_example_arm.axf" - 23 Error(s), 0 Warning(s).

<h2>Software Packages used:</h2>

Package Vendor: ARM
                http://www.keil.com/pack/ARM.CMSIS.4.1.1.pack
                ARM::CMSIS:CORE:3.30.0
                CMSIS (Cortex Microcontroller Software Interface Standard)
   * Component: CORE Version: 3.30.0

Package Vendor: NordicSemiconductor
                http://www.keil.com/pack/NordicSemiconductor.nRF_DeviceFamilyPack.1.1.1.pack
                NordicSemiconductor::Device:Startup:1.0.0
                Nordic Semiconductor nRF ARM devices Device Family Pack.
   * Component: Startup Version: 1.0.0

<h2>Collection of Component include folders:</h2>
  C:\Nordic Semiconductor\nRF51 SDK_v6.0.0.43681\Nordic\nrf51822\Board\nrf6310\spi_master_example\arm\RTE
  C:\Keil_v5\ARM\PACK\ARM\CMSIS\4.1.1\CMSIS\Include
  C:\Keil_v5\ARM\PACK\NordicSemiconductor\nRF_DeviceFamilyPack\1.1.1\Device\Include

<h2>Collection of Component Files used:</h2>

   * Component: ARM::CMSIS:CORE:3.30.0
      Source file:   CMSIS\UserCodeTemplates\ARM\ITM_Retarget.c

   * Component: NordicSemiconductor::Device:Startup:1.0.0
      Source file:   Device\Source\arm\arm_startup_nrf51.s
      Source file:   Device\Source\system_nrf51.c
      Include file:  Device\Include\system_nrf51.h
Target not created
