Product: MDK-ARM Lite 5.10
Component: ARM Compiler 5.04 update 1 (build 49)
Tool: armlink [5040049]

==============================================================================

Section Cross References

    main.o(.text) refers to simple_uart.o(.text) for simple_uart_putstring
    main.o(.text) refers to spi_master.o(.text) for spi_master_close
    main.o(.text) refers to rt_memcpy.o(.emb_text) for __aeabi_memcpy4
    main.o(.text) refers to spi_master.o(i.spi_master_evt_handler_reg) for spi_master_evt_handler_reg
    main.o(.text) refers to nrf_delay.o(.text) for nrf_delay_ms
    main.o(.text) refers to main.o(.bss) for m_rx_data_spi
    main.o(.text) refers to main.o(.data) for m_transfer_completed
    main.o(.text) refers to main.o(.constdata) for .constdata
    arm_startup_nrf51.o(STACK) refers (Special) to heapauxi.o(.text) for __use_two_region_memory
    arm_startup_nrf51.o(HEAP) refers (Special) to heapauxi.o(.text) for __use_two_region_memory
    arm_startup_nrf51.o(RESET) refers (Special) to heapauxi.o(.text) for __use_two_region_memory
    arm_startup_nrf51.o(RESET) refers to arm_startup_nrf51.o(STACK) for __initial_sp
    arm_startup_nrf51.o(RESET) refers to arm_startup_nrf51.o(.text) for Reset_Handler
    arm_startup_nrf51.o(RESET) refers to spi_master.o(.text) for SPI0_TWI0_IRQHandler
    arm_startup_nrf51.o(.text) refers (Special) to heapauxi.o(.text) for __use_two_region_memory
    arm_startup_nrf51.o(.text) refers to system_nrf51.o(.text) for SystemInit
    arm_startup_nrf51.o(.text) refers to __main.o(!!!main) for __main
    arm_startup_nrf51.o(.text) refers to arm_startup_nrf51.o(HEAP) for Heap_Mem
    arm_startup_nrf51.o(.text) refers to arm_startup_nrf51.o(STACK) for Stack_Mem
    system_nrf51.o(.text) refers to system_nrf51.o(.data) for SystemCoreClock
    spi_master.o(.text) refers to main.o(.text) for app_error_handler
    spi_master.o(.text) refers to nrf_soc.o(.text) for sd_nvic_ClearPendingIRQ
    spi_master.o(.text) refers to spi_master.o(.constdata) for .constdata
    spi_master.o(.text) refers to spi_master.o(.bss) for m_spi_master_instances
    nrf_delay.o(.text) refers to nrf_delay.o(.emb_text) for __asm___11_nrf_delay_c_532987f3__nrf_delay_us
    nrf_soc.o(.text) refers to nrf_soc.o(.data) for m_in_critical_region
    simple_uart.o(.text) refers to simple_uart.o(.emb_text) for __asm___13_simple_uart_c_5dda6715__nrf_delay_us
    rt_memcpy.o(.text) refers to rt_memcpy.o(.emb_text) for __aeabi_memcpy4
    __main.o(!!!main) refers to rtentry.o(.ARM.Collect$$rtentry$$00000000) for __rt_entry
    rtentry.o(.ARM.Collect$$rtentry$$00000000) refers (Special) to rtentry2.o(.ARM.Collect$$rtentry$$0000000A) for __rt_entry_li
    rtentry.o(.ARM.Collect$$rtentry$$00000000) refers (Special) to rtentry2.o(.ARM.Collect$$rtentry$$0000000D) for __rt_entry_main
    rtentry.o(.ARM.Collect$$rtentry$$00000000) refers (Special) to rtentry2.o(.ARM.Collect$$rtentry$$0000000C) for __rt_entry_postli_1
    rtentry.o(.ARM.Collect$$rtentry$$00000000) refers (Special) to rtentry2.o(.ARM.Collect$$rtentry$$00000009) for __rt_entry_postsh_1
    rtentry.o(.ARM.Collect$$rtentry$$00000000) refers (Special) to rtentry2.o(.ARM.Collect$$rtentry$$00000002) for __rt_entry_presh_1
    rtentry.o(.ARM.Collect$$rtentry$$00000000) refers (Special) to rtentry4.o(.ARM.Collect$$rtentry$$00000004) for __rt_entry_sh
    rtentry2.o(.ARM.Collect$$rtentry$$00000008) refers to boardinit2.o(.text) for _platform_post_stackheap_init
    rtentry2.o(.ARM.Collect$$rtentry$$0000000A) refers to libinit.o(.ARM.Collect$$libinit$$00000000) for __rt_lib_init
    rtentry2.o(.ARM.Collect$$rtentry$$0000000B) refers to boardinit3.o(.text) for _platform_post_lib_init
    rtentry2.o(.ARM.Collect$$rtentry$$0000000D) refers to main.o(.text) for main
    rtentry2.o(.ARM.Collect$$rtentry$$0000000D) refers to exit.o(.text) for exit
    rtentry2.o(.ARM.exidx) refers to rtentry2.o(.ARM.Collect$$rtentry$$00000001) for .ARM.Collect$$rtentry$$00000001
    rtentry2.o(.ARM.exidx) refers to rtentry2.o(.ARM.Collect$$rtentry$$00000008) for .ARM.Collect$$rtentry$$00000008
    rtentry2.o(.ARM.exidx) refers to rtentry2.o(.ARM.Collect$$rtentry$$0000000A) for .ARM.Collect$$rtentry$$0000000A
    rtentry2.o(.ARM.exidx) refers to rtentry2.o(.ARM.Collect$$rtentry$$0000000B) for .ARM.Collect$$rtentry$$0000000B
    rtentry2.o(.ARM.exidx) refers to rtentry2.o(.ARM.Collect$$rtentry$$0000000D) for .ARM.Collect$$rtentry$$0000000D
    rtentry4.o(.ARM.Collect$$rtentry$$00000004) refers to sys_stackheap_outer.o(.text) for __user_setup_stackheap
    rtentry4.o(.ARM.exidx) refers to rtentry4.o(.ARM.Collect$$rtentry$$00000004) for .ARM.Collect$$rtentry$$00000004
    sys_stackheap_outer.o(.text) refers to libspace.o(.text) for __user_perproc_libspace
    sys_stackheap_outer.o(.text) refers to arm_startup_nrf51.o(.text) for __user_initial_stackheap
    sys_stackheap_outer.o(__vectab_stack_and_reset_area) refers to tempstk.o(.text) for __temporary_stack_top
    sys_stackheap_outer.o(__vectab_stack_and_reset_area) refers to __main.o(!!!main) for __main
    exit.o(.text) refers to rtexit.o(.ARM.Collect$$rtexit$$00000000) for __rt_exit
    libinit.o(.ARM.Collect$$libinit$$00000000) refers (Special) to libinit2.o(.ARM.Collect$$libinit$$0000002C) for __rt_lib_init_alloca_1
    libinit.o(.ARM.Collect$$libinit$$00000000) refers (Special) to libinit2.o(.ARM.Collect$$libinit$$0000002A) for __rt_lib_init_argv_1
    libinit.o(.ARM.Collect$$libinit$$00000000) refers (Special) to libinit2.o(.ARM.Collect$$libinit$$00000019) for __rt_lib_init_atexit_1
    libinit.o(.ARM.Collect$$libinit$$00000000) refers (Special) to libinit2.o(.ARM.Collect$$libinit$$0000001F) for __rt_lib_init_clock_1
    libinit.o(.ARM.Collect$$libinit$$00000000) refers (Special) to libinit2.o(.ARM.Collect$$libinit$$00000030) for __rt_lib_init_cpp_1
    libinit.o(.ARM.Collect$$libinit$$00000000) refers (Special) to libinit2.o(.ARM.Collect$$libinit$$0000002E) for __rt_lib_init_exceptions_1
    libinit.o(.ARM.Collect$$libinit$$00000000) refers (Special) to libinit2.o(.ARM.Collect$$libinit$$00000001) for __rt_lib_init_fp_1
    libinit.o(.ARM.Collect$$libinit$$00000000) refers (Special) to libinit2.o(.ARM.Collect$$libinit$$0000001D) for __rt_lib_init_fp_trap_1
    libinit.o(.ARM.Collect$$libinit$$00000000) refers (Special) to libinit2.o(.ARM.Collect$$libinit$$00000021) for __rt_lib_init_getenv_1
    libinit.o(.ARM.Collect$$libinit$$00000000) refers (Special) to libinit2.o(.ARM.Collect$$libinit$$00000008) for __rt_lib_init_heap_1
    libinit.o(.ARM.Collect$$libinit$$00000000) refers (Special) to libinit2.o(.ARM.Collect$$libinit$$0000000F) for __rt_lib_init_lc_collate_1
    libinit.o(.ARM.Collect$$libinit$$00000000) refers (Special) to libinit2.o(.ARM.Collect$$libinit$$00000011) for __rt_lib_init_lc_ctype_1
    libinit.o(.ARM.Collect$$libinit$$00000000) refers (Special) to libinit2.o(.ARM.Collect$$libinit$$00000013) for __rt_lib_init_lc_monetary_1
    libinit.o(.ARM.Collect$$libinit$$00000000) refers (Special) to libinit2.o(.ARM.Collect$$libinit$$00000015) for __rt_lib_init_lc_numeric_1
    libinit.o(.ARM.Collect$$libinit$$00000000) refers (Special) to libinit2.o(.ARM.Collect$$libinit$$00000017) for __rt_lib_init_lc_time_1
    libinit.o(.ARM.Collect$$libinit$$00000000) refers (Special) to libinit2.o(.ARM.Collect$$libinit$$0000000C) for __rt_lib_init_rand_1
    libinit.o(.ARM.Collect$$libinit$$00000000) refers (Special) to libinit2.o(.ARM.Collect$$libinit$$00000031) for __rt_lib_init_return
    libinit.o(.ARM.Collect$$libinit$$00000000) refers (Special) to libinit2.o(.ARM.Collect$$libinit$$0000001B) for __rt_lib_init_signal_1
    libinit.o(.ARM.Collect$$libinit$$00000000) refers (Special) to libinit2.o(.ARM.Collect$$libinit$$00000023) for __rt_lib_init_stdio_1
    libinit.o(.ARM.Collect$$libinit$$00000000) refers (Special) to libinit2.o(.ARM.Collect$$libinit$$0000000A) for __rt_lib_init_user_alloc_1
    libspace.o(.text) refers to libspace.o(.bss) for __libspace_start
    rtexit.o(.ARM.Collect$$rtexit$$00000000) refers (Special) to rtexit2.o(.ARM.Collect$$rtexit$$00000004) for __rt_exit_exit
    rtexit.o(.ARM.Collect$$rtexit$$00000000) refers (Special) to rtexit2.o(.ARM.Collect$$rtexit$$00000003) for __rt_exit_ls
    rtexit.o(.ARM.Collect$$rtexit$$00000000) refers (Special) to rtexit2.o(.ARM.Collect$$rtexit$$00000002) for __rt_exit_prels_1
    rtexit.o(.ARM.exidx) refers (Special) to rtexit2.o(.ARM.Collect$$rtexit$$00000004) for __rt_exit_exit
    rtexit.o(.ARM.exidx) refers (Special) to rtexit2.o(.ARM.Collect$$rtexit$$00000003) for __rt_exit_ls
    rtexit.o(.ARM.exidx) refers (Special) to rtexit2.o(.ARM.Collect$$rtexit$$00000002) for __rt_exit_prels_1
    rtexit.o(.ARM.exidx) refers to rtexit.o(.ARM.Collect$$rtexit$$00000000) for .ARM.Collect$$rtexit$$00000000
    libinit2.o(.ARM.Collect$$libinit$$0000000E) refers to libinit2.o(.ARM.Collect$$libinit$$0000000D) for .ARM.Collect$$libinit$$0000000D
    libinit2.o(.ARM.Collect$$libinit$$00000010) refers to libinit2.o(.ARM.Collect$$libinit$$0000000D) for .ARM.Collect$$libinit$$0000000D
    libinit2.o(.ARM.Collect$$libinit$$00000012) refers to libinit2.o(.ARM.Collect$$libinit$$0000000D) for .ARM.Collect$$libinit$$0000000D
    libinit2.o(.ARM.Collect$$libinit$$00000014) refers to libinit2.o(.ARM.Collect$$libinit$$0000000D) for .ARM.Collect$$libinit$$0000000D
    libinit2.o(.ARM.Collect$$libinit$$00000016) refers to libinit2.o(.ARM.Collect$$libinit$$0000000D) for .ARM.Collect$$libinit$$0000000D
    libinit2.o(.ARM.Collect$$libinit$$00000024) refers to argv_veneer.o(.text) for __ARM_argv_veneer
    libinit2.o(.ARM.Collect$$libinit$$00000025) refers to argv_veneer.o(.text) for __ARM_argv_veneer
    rtexit2.o(.ARM.Collect$$rtexit$$00000003) refers to libshutdown.o(.ARM.Collect$$libshutdown$$00000000) for __rt_lib_shutdown
    rtexit2.o(.ARM.Collect$$rtexit$$00000004) refers to sys_exit.o(.text) for _sys_exit
    rtexit2.o(.ARM.exidx) refers to rtexit2.o(.ARM.Collect$$rtexit$$00000001) for .ARM.Collect$$rtexit$$00000001
    rtexit2.o(.ARM.exidx) refers to rtexit2.o(.ARM.Collect$$rtexit$$00000003) for .ARM.Collect$$rtexit$$00000003
    rtexit2.o(.ARM.exidx) refers to rtexit2.o(.ARM.Collect$$rtexit$$00000004) for .ARM.Collect$$rtexit$$00000004
    sys_exit.o(.text) refers (Special) to use_no_semi.o(.text) for __I$use$semihosting
    sys_exit.o(.text) refers (Special) to indicate_semi.o(.text) for __semihosting_library_function
    _get_argv_nomalloc.o(.text) refers (Special) to hrguard.o(.text) for __heap_region$guard
    _get_argv_nomalloc.o(.text) refers to defsig_rtmem_outer.o(.text) for __rt_SIGRTMEM
    _get_argv_nomalloc.o(.text) refers to sys_command.o(.text) for _sys_command_string
    libshutdown.o(.ARM.Collect$$libshutdown$$00000000) refers (Special) to libshutdown2.o(.ARM.Collect$$libshutdown$$00000006) for __rt_lib_shutdown_fp_trap_1
    libshutdown.o(.ARM.Collect$$libshutdown$$00000000) refers (Special) to libshutdown2.o(.ARM.Collect$$libshutdown$$0000000E) for __rt_lib_shutdown_heap_1
    libshutdown.o(.ARM.Collect$$libshutdown$$00000000) refers (Special) to libshutdown2.o(.ARM.Collect$$libshutdown$$0000000F) for __rt_lib_shutdown_return
    libshutdown.o(.ARM.Collect$$libshutdown$$00000000) refers (Special) to libshutdown2.o(.ARM.Collect$$libshutdown$$00000009) for __rt_lib_shutdown_signal_1
    libshutdown.o(.ARM.Collect$$libshutdown$$00000000) refers (Special) to libshutdown2.o(.ARM.Collect$$libshutdown$$00000003) for __rt_lib_shutdown_stdio_1
    libshutdown.o(.ARM.Collect$$libshutdown$$00000000) refers (Special) to libshutdown2.o(.ARM.Collect$$libshutdown$$0000000B) for __rt_lib_shutdown_user_alloc_1
    sys_command.o(.text) refers (Special) to use_no_semi.o(.text) for __I$use$semihosting
    sys_command.o(.text) refers (Special) to indicate_semi.o(.text) for __semihosting_library_function
    defsig_rtmem_outer.o(.text) refers to defsig_rtmem_inner.o(.text) for __rt_SIGRTMEM_inner
    defsig_rtmem_outer.o(.text) refers to defsig_exit.o(.text) for __sig_exit
    defsig_rtmem_formal.o(.text) refers to rt_raise.o(.text) for __rt_raise
    rt_raise.o(.text) refers to __raise.o(.text) for __raise
    rt_raise.o(.text) refers to sys_exit.o(.text) for _sys_exit
    defsig_exit.o(.text) refers to sys_exit.o(.text) for _sys_exit
    defsig_rtmem_inner.o(.text) refers to defsig_general.o(.text) for __default_signal_display
    __raise.o(.text) refers to defsig.o(CL$$defsig) for __default_signal_handler
    defsig_general.o(.text) refers to sys_wrch.o(.text) for _ttywrch
    sys_wrch.o(.text) refers (Special) to use_no_semi.o(.text) for __I$use$semihosting
    sys_wrch.o(.text) refers (Special) to indicate_semi.o(.text) for __semihosting_library_function
    defsig.o(CL$$defsig) refers to defsig_rtmem_inner.o(.text) for __rt_SIGRTMEM_inner
    defsig_abrt_inner.o(.text) refers to defsig_general.o(.text) for __default_signal_display
    defsig_fpe_inner.o(.text) refers to defsig_general.o(.text) for __default_signal_display
    defsig_rtred_inner.o(.text) refers to defsig_general.o(.text) for __default_signal_display
    defsig_stak_inner.o(.text) refers to defsig_general.o(.text) for __default_signal_display
    defsig_pvfn_inner.o(.text) refers to defsig_general.o(.text) for __default_signal_display
    defsig_cppl_inner.o(.text) refers to defsig_general.o(.text) for __default_signal_display
    defsig_segv_inner.o(.text) refers to defsig_general.o(.text) for __default_signal_display
    defsig_other.o(.text) refers to defsig_general.o(.text) for __default_signal_display
    spi_master.o(i.spi_master_get_state) refers to spi_master.o(.text) for spi_master_get_instance
    spi_master.o(i.spi_master_get_state) refers to main.o(.text) for app_error_handler
    spi_master.o(i.spi_master_get_state) refers to spi_master.o(.conststring) for .conststring
    spi_master.o(i.spi_master_evt_handler_reg) refers to spi_master.o(.text) for spi_master_get_instance
    spi_master.o(i.spi_master_evt_handler_reg) refers to main.o(.text) for app_error_handler
    spi_master.o(i.spi_master_evt_handler_reg) refers to spi_master.o(.conststring) for .conststring


==============================================================================

Removing Unused input sections from the image.

    Removing main.o(.rev16_text), (4 bytes).
    Removing main.o(.revsh_text), (4 bytes).
    Removing main.o(.emb_text), (30 bytes).
    Removing system_nrf51.o(.rev16_text), (4 bytes).
    Removing system_nrf51.o(.revsh_text), (4 bytes).
    Removing spi_master.o(.rev16_text), (4 bytes).
    Removing spi_master.o(.revsh_text), (4 bytes).
    Removing nrf_delay.o(.rev16_text), (4 bytes).
    Removing nrf_delay.o(.revsh_text), (4 bytes).
    Removing nrf_soc.o(.rev16_text), (4 bytes).
    Removing nrf_soc.o(.revsh_text), (4 bytes).
    Removing simple_uart.o(.rev16_text), (4 bytes).
    Removing simple_uart.o(.revsh_text), (4 bytes).
    Removing spi_master.o(i.spi_master_get_state), (56 bytes).

14 unused section(s) (total 134 bytes) removed from the image.

==============================================================================

Image Symbol Table

    Local Symbols

    Symbol Name                              Value     Ov Type        Size  Object(Section)

    RESET                                    0x00000000   Section      192  arm_startup_nrf51.o(RESET)
    ../clib/angel/boardlib.s                 0x00000000   Number         0  boardinit1.o ABSOLUTE
    ../clib/angel/boardlib.s                 0x00000000   Number         0  boardinit3.o ABSOLUTE
    ../clib/angel/boardlib.s                 0x00000000   Number         0  boardinit2.o ABSOLUTE
    ../clib/angel/boardlib.s                 0x00000000   Number         0  boardshut.o ABSOLUTE
    ../clib/angel/handlers.s                 0x00000000   Number         0  __scatter_copy.o ABSOLUTE
    ../clib/angel/kernel.s                   0x00000000   Number         0  rtentry2.o ABSOLUTE
    ../clib/angel/kernel.s                   0x00000000   Number         0  rtentry.o ABSOLUTE
    ../clib/angel/kernel.s                   0x00000000   Number         0  rtexit.o ABSOLUTE
    ../clib/angel/kernel.s                   0x00000000   Number         0  rtentry4.o ABSOLUTE
    ../clib/angel/kernel.s                   0x00000000   Number         0  rtexit2.o ABSOLUTE
    ../clib/angel/rt.s                       0x00000000   Number         0  rt_raise.o ABSOLUTE
    ../clib/angel/scatterp.s                 0x00000000   Number         0  __scatter.o ABSOLUTE
    ../clib/angel/startup.s                  0x00000000   Number         0  __main.o ABSOLUTE
    ../clib/angel/sys.s                      0x00000000   Number         0  libspace.o ABSOLUTE
    ../clib/angel/sys.s                      0x00000000   Number         0  indicate_semi.o ABSOLUTE
    ../clib/angel/sys.s                      0x00000000   Number         0  sys_stackheap_outer.o ABSOLUTE
    ../clib/angel/sys.s                      0x00000000   Number         0  use_no_semi.o ABSOLUTE
    ../clib/angel/sys.s                      0x00000000   Number         0  tempstk.o ABSOLUTE
    ../clib/angel/sysapp.c                   0x00000000   Number         0  sys_exit.o ABSOLUTE
    ../clib/angel/sysapp.c                   0x00000000   Number         0  sys_wrch.o ABSOLUTE
    ../clib/angel/sysapp.c                   0x00000000   Number         0  sys_command.o ABSOLUTE
    ../clib/armsys.c                         0x00000000   Number         0  _get_argv_nomalloc.o ABSOLUTE
    ../clib/armsys.c                         0x00000000   Number         0  no_argv.o ABSOLUTE
    ../clib/armsys.c                         0x00000000   Number         0  argv_veneer.o ABSOLUTE
    ../clib/heapalloc.c                      0x00000000   Number         0  hrguard.o ABSOLUTE
    ../clib/heapaux.c                        0x00000000   Number         0  heapauxi.o ABSOLUTE
    ../clib/libinit.s                        0x00000000   Number         0  libinit2.o ABSOLUTE
    ../clib/libinit.s                        0x00000000   Number         0  libshutdown.o ABSOLUTE
    ../clib/libinit.s                        0x00000000   Number         0  libinit.o ABSOLUTE
    ../clib/libinit.s                        0x00000000   Number         0  libshutdown2.o ABSOLUTE
    ../clib/memcpset.c                       0x00000000   Number         0  rt_memcpy.o ABSOLUTE
    ../clib/memcpset.c                       0x00000000   Number         0  rt_memcpy.o ABSOLUTE
    ../clib/signal.c                         0x00000000   Number         0  defsig_general.o ABSOLUTE
    ../clib/signal.c                         0x00000000   Number         0  __raise.o ABSOLUTE
    ../clib/signal.c                         0x00000000   Number         0  defsig_rtmem_inner.o ABSOLUTE
    ../clib/signal.c                         0x00000000   Number         0  defsig_other.o ABSOLUTE
    ../clib/signal.c                         0x00000000   Number         0  defsig_segv_inner.o ABSOLUTE
    ../clib/signal.c                         0x00000000   Number         0  defsig_cppl_inner.o ABSOLUTE
    ../clib/signal.c                         0x00000000   Number         0  defsig_pvfn_inner.o ABSOLUTE
    ../clib/signal.c                         0x00000000   Number         0  defsig_abrt_inner.o ABSOLUTE
    ../clib/signal.c                         0x00000000   Number         0  defsig_rtred_inner.o ABSOLUTE
    ../clib/signal.c                         0x00000000   Number         0  defsig_fpe_inner.o ABSOLUTE
    ../clib/signal.c                         0x00000000   Number         0  defsig_rtmem_outer.o ABSOLUTE
    ../clib/signal.c                         0x00000000   Number         0  defsig_stak_inner.o ABSOLUTE
    ../clib/signal.c                         0x00000000   Number         0  defsig_exit.o ABSOLUTE
    ../clib/signal.c                         0x00000000   Number         0  defsig_rtmem_formal.o ABSOLUTE
    ../clib/signal.s                         0x00000000   Number         0  defsig.o ABSOLUTE
    ../clib/stdlib.c                         0x00000000   Number         0  exit.o ABSOLUTE
    ../fplib/cfplib/fpinit.c                 0x00000000   Number         0  fpinit.o ABSOLUTE
    ..\..\..\..\Source\nrf_delay\nrf_delay.c 0x00000000   Number         0  nrf_delay.o ABSOLUTE
    ..\..\..\..\Source\sdk_soc\nrf_soc.c     0x00000000   Number         0  nrf_soc.o ABSOLUTE
    ..\..\..\..\Source\simple_uart\simple_uart.c 0x00000000   Number         0  simple_uart.o ABSOLUTE
    ..\..\..\..\Source\spi_master\spi_master.c 0x00000000   Number         0  spi_master.o ABSOLUTE
    ..\\..\\..\\..\\Source\\nrf_delay\\nrf_delay.c 0x00000000   Number         0  nrf_delay.o ABSOLUTE
    ..\\..\\..\\..\\Source\\sdk_soc\\nrf_soc.c 0x00000000   Number         0  nrf_soc.o ABSOLUTE
    ..\\..\\..\\..\\Source\\simple_uart\\simple_uart.c 0x00000000   Number         0  simple_uart.o ABSOLUTE
    ..\\..\\..\\..\\Source\\spi_master\\spi_master.c 0x00000000   Number         0  spi_master.o ABSOLUTE
    ..\\main.c                               0x00000000   Number         0  main.o ABSOLUTE
    ..\main.c                                0x00000000   Number         0  main.o ABSOLUTE
    RTE\Device\nRF51822_xxAA\arm_startup_nrf51.s 0x00000000   Number         0  arm_startup_nrf51.o ABSOLUTE
    RTE\Device\nRF51822_xxAA\system_nrf51.c  0x00000000   Number         0  system_nrf51.o ABSOLUTE
    RTE\\Device\\nRF51822_xxAA\\system_nrf51.c 0x00000000   Number         0  system_nrf51.o ABSOLUTE
    dc.s                                     0x00000000   Number         0  dc.o ABSOLUTE
    !!!main                                  0x000000c0   Section        8  __main.o(!!!main)
    !!!scatter                               0x000000c8   Section       60  __scatter.o(!!!scatter)
    !!handler_copy                           0x00000104   Section       26  __scatter_copy.o(!!handler_copy)
    .ARM.Collect$$libinit$$00000000          0x0000011e   Section        2  libinit.o(.ARM.Collect$$libinit$$00000000)
    .ARM.Collect$$libinit$$00000001          0x00000120   Section        4  libinit2.o(.ARM.Collect$$libinit$$00000001)
    .ARM.Collect$$libinit$$00000008          0x00000124   Section        0  libinit2.o(.ARM.Collect$$libinit$$00000008)
    .ARM.Collect$$libinit$$0000000A          0x00000124   Section        0  libinit2.o(.ARM.Collect$$libinit$$0000000A)
    .ARM.Collect$$libinit$$0000000C          0x00000124   Section        0  libinit2.o(.ARM.Collect$$libinit$$0000000C)
    .ARM.Collect$$libinit$$0000000F          0x00000124   Section        0  libinit2.o(.ARM.Collect$$libinit$$0000000F)
    .ARM.Collect$$libinit$$00000011          0x00000124   Section        0  libinit2.o(.ARM.Collect$$libinit$$00000011)
    .ARM.Collect$$libinit$$00000013          0x00000124   Section        0  libinit2.o(.ARM.Collect$$libinit$$00000013)
    .ARM.Collect$$libinit$$00000015          0x00000124   Section        0  libinit2.o(.ARM.Collect$$libinit$$00000015)
    .ARM.Collect$$libinit$$00000017          0x00000124   Section        0  libinit2.o(.ARM.Collect$$libinit$$00000017)
    .ARM.Collect$$libinit$$00000019          0x00000124   Section        0  libinit2.o(.ARM.Collect$$libinit$$00000019)
    .ARM.Collect$$libinit$$0000001B          0x00000124   Section        0  libinit2.o(.ARM.Collect$$libinit$$0000001B)
    .ARM.Collect$$libinit$$0000001D          0x00000124   Section        0  libinit2.o(.ARM.Collect$$libinit$$0000001D)
    .ARM.Collect$$libinit$$0000001F          0x00000124   Section        0  libinit2.o(.ARM.Collect$$libinit$$0000001F)
    .ARM.Collect$$libinit$$00000021          0x00000124   Section        0  libinit2.o(.ARM.Collect$$libinit$$00000021)
    .ARM.Collect$$libinit$$00000023          0x00000124   Section        0  libinit2.o(.ARM.Collect$$libinit$$00000023)
    .ARM.Collect$$libinit$$0000002A          0x00000124   Section        0  libinit2.o(.ARM.Collect$$libinit$$0000002A)
    .ARM.Collect$$libinit$$0000002C          0x00000124   Section        0  libinit2.o(.ARM.Collect$$libinit$$0000002C)
    .ARM.Collect$$libinit$$0000002E          0x00000124   Section        0  libinit2.o(.ARM.Collect$$libinit$$0000002E)
    .ARM.Collect$$libinit$$00000030          0x00000124   Section        0  libinit2.o(.ARM.Collect$$libinit$$00000030)
    .ARM.Collect$$libinit$$00000031          0x00000124   Section        2  libinit2.o(.ARM.Collect$$libinit$$00000031)
    .ARM.Collect$$libshutdown$$00000000      0x00000126   Section        2  libshutdown.o(.ARM.Collect$$libshutdown$$00000000)
    .ARM.Collect$$libshutdown$$00000003      0x00000128   Section        0  libshutdown2.o(.ARM.Collect$$libshutdown$$00000003)
    .ARM.Collect$$libshutdown$$00000006      0x00000128   Section        0  libshutdown2.o(.ARM.Collect$$libshutdown$$00000006)
    .ARM.Collect$$libshutdown$$00000009      0x00000128   Section        0  libshutdown2.o(.ARM.Collect$$libshutdown$$00000009)
    .ARM.Collect$$libshutdown$$0000000B      0x00000128   Section        0  libshutdown2.o(.ARM.Collect$$libshutdown$$0000000B)
    .ARM.Collect$$libshutdown$$0000000E      0x00000128   Section        0  libshutdown2.o(.ARM.Collect$$libshutdown$$0000000E)
    .ARM.Collect$$libshutdown$$0000000F      0x00000128   Section        2  libshutdown2.o(.ARM.Collect$$libshutdown$$0000000F)
    .ARM.Collect$$rtentry$$00000000          0x0000012a   Section        0  rtentry.o(.ARM.Collect$$rtentry$$00000000)
    .ARM.Collect$$rtentry$$00000002          0x0000012a   Section        0  rtentry2.o(.ARM.Collect$$rtentry$$00000002)
    .ARM.Collect$$rtentry$$00000004          0x0000012a   Section        6  rtentry4.o(.ARM.Collect$$rtentry$$00000004)
    .ARM.Collect$$rtentry$$00000009          0x00000130   Section        0  rtentry2.o(.ARM.Collect$$rtentry$$00000009)
    .ARM.Collect$$rtentry$$0000000A          0x00000130   Section        4  rtentry2.o(.ARM.Collect$$rtentry$$0000000A)
    .ARM.Collect$$rtentry$$0000000C          0x00000134   Section        0  rtentry2.o(.ARM.Collect$$rtentry$$0000000C)
    .ARM.Collect$$rtentry$$0000000D          0x00000134   Section        8  rtentry2.o(.ARM.Collect$$rtentry$$0000000D)
    .ARM.Collect$$rtexit$$00000000           0x0000013c   Section        2  rtexit.o(.ARM.Collect$$rtexit$$00000000)
    .ARM.Collect$$rtexit$$00000002           0x0000013e   Section        0  rtexit2.o(.ARM.Collect$$rtexit$$00000002)
    .ARM.Collect$$rtexit$$00000003           0x0000013e   Section        4  rtexit2.o(.ARM.Collect$$rtexit$$00000003)
    .ARM.Collect$$rtexit$$00000004           0x00000142   Section        6  rtexit2.o(.ARM.Collect$$rtexit$$00000004)
    .emb_text                                0x00000148   Section       30  nrf_delay.o(.emb_text)
    .emb_text                                0x00000168   Section       30  simple_uart.o(.emb_text)
    .emb_text                                0x00000188   Section       56  rt_memcpy.o(.emb_text)
    .text                                    0x000001c0   Section        0  main.o(.text)
    init_buf                                 0x000001c5   Thumb Code    32  main.o(.text)
    check_buf_equal                          0x000001e5   Thumb Code    24  main.o(.text)
    spi_master_init                          0x00000295   Thumb Code   128  main.o(.text)
    spi_send_recv                            0x00000315   Thumb Code    64  main.o(.text)
    switch_state                             0x00000355   Thumb Code   134  main.o(.text)
    nrf_gpio_cfg_output                      0x0000047f   Thumb Code    18  main.o(.text)
    nrf_gpio_pin_set                         0x00000491   Thumb Code    10  main.o(.text)
    .text                                    0x00000564   Section       84  arm_startup_nrf51.o(.text)
    .text                                    0x000005b8   Section        0  system_nrf51.o(.text)
    is_disabled_in_debug_needed              0x000005c1   Thumb Code    52  system_nrf51.o(.text)
    is_manual_peripheral_setup_needed        0x000005f5   Thumb Code   104  system_nrf51.o(.text)
    .text                                    0x000006a0   Section        0  spi_master.o(.text)
    spi_master_signal_evt                    0x000006a1   Thumb Code    68  spi_master.o(.text)
    spi_master_buffer_release                0x000006e5   Thumb Code    78  spi_master.o(.text)
    spi_master_send_recv_irq                 0x00000733   Thumb Code   206  spi_master.o(.text)
    spi_master_init_hw_instance              0x0000085b   Thumb Code    90  spi_master.o(.text)
    spi_master_buffer_init                   0x000008b5   Thumb Code   136  spi_master.o(.text)
    nrf_gpio_cfg_output                      0x00000cf3   Thumb Code    18  spi_master.o(.text)
    nrf_gpio_pin_set                         0x00000d05   Thumb Code    10  spi_master.o(.text)
    nrf_gpio_pin_clear                       0x00000d0f   Thumb Code    10  spi_master.o(.text)
    spi_master_get_instance                  0x00000d19   Thumb Code    20  spi_master.o(.text)
    spi_master_send_initial_bytes            0x00000d2d   Thumb Code   126  spi_master.o(.text)
    .text                                    0x00000de4   Section        0  nrf_delay.o(.text)
    .text                                    0x00000e00   Section        0  nrf_soc.o(.text)
    NVIC_SetPriority                         0x00000f39   Thumb Code   110  nrf_soc.o(.text)
    .text                                    0x00000fbc   Section        0  simple_uart.o(.text)
    nrf_gpio_cfg_output                      0x000010a3   Thumb Code    18  simple_uart.o(.text)
    nrf_gpio_cfg_input                       0x000010b5   Thumb Code    20  simple_uart.o(.text)
    .text                                    0x000010d8   Section        0  heapauxi.o(.text)
    .text                                    0x000010de   Section       62  sys_stackheap_outer.o(.text)
    .text                                    0x0000111c   Section        0  exit.o(.text)
    .text                                    0x00001128   Section        8  libspace.o(.text)
    .text                                    0x00001130   Section        0  sys_exit.o(.text)
    .text                                    0x0000113c   Section        2  use_no_semi.o(.text)
    .text                                    0x0000113e   Section        0  indicate_semi.o(.text)
    i.spi_master_evt_handler_reg             0x00001140   Section        0  spi_master.o(i.spi_master_evt_handler_reg)
    .constdata                               0x00001178   Section       28  main.o(.constdata)
    .constdata                               0x00001194   Section        4  spi_master.o(.constdata)
    .conststring                             0x00001198   Section       43  spi_master.o(.conststring)
    .data                                    0x20000000   Section        2  main.o(.data)
    m_transfer_completed                     0x20000000   Data           1  main.o(.data)
    m_spi_master_ex_state                    0x20000001   Data           1  main.o(.data)
    .data                                    0x20000004   Section        4  system_nrf51.o(.data)
    __tagsym$$used                           0x20000004   Number         0  system_nrf51.o(.data)
    .data                                    0x20000008   Section        1  nrf_soc.o(.data)
    m_in_critical_region                     0x20000008   Data           1  nrf_soc.o(.data)
    .bss                                     0x2000000c   Section      200  main.o(.bss)
    m_tx_data_spi                            0x2000000c   Data         100  main.o(.bss)
    m_rx_data_spi                            0x20000070   Data         100  main.o(.bss)
    .bss                                     0x200000d4   Section       80  spi_master.o(.bss)
    m_spi_master_instances                   0x200000d4   Data          80  spi_master.o(.bss)
    .bss                                     0x20000124   Section       96  libspace.o(.bss)
    HEAP                                     0x20000188   Section     2048  arm_startup_nrf51.o(HEAP)
    Heap_Mem                                 0x20000188   Data        2048  arm_startup_nrf51.o(HEAP)
    STACK                                    0x20000988   Section     2048  arm_startup_nrf51.o(STACK)
    Stack_Mem                                0x20000988   Data        2048  arm_startup_nrf51.o(STACK)
    __initial_sp                             0x20001188   Data           0  arm_startup_nrf51.o(STACK)

    Global Symbols

    Symbol Name                              Value     Ov Type        Size  Object(Section)

    BuildAttributes$$THM_ISAv3M$S$PE$A:L22$X:L11$S22$IEEE1$IW$USESV6$~STKCKD$USESV7$~SHL$OSPACE$ROPI$EBA8$UX$STANDARDLIB$REQ8$PRES8$EABIv2 0x00000000   Number         0  anon$$obj.o ABSOLUTE
    __ARM_use_no_argv                        0x00000000   Number         0  main.o ABSOLUTE
    __Vectors                                0x00000000   Data           4  arm_startup_nrf51.o(RESET)
    __ARM_exceptions_init                     - Undefined Weak Reference
    __alloca_initialize                       - Undefined Weak Reference
    __cpp_initialize__aeabi_                  - Undefined Weak Reference
    __cxa_finalize                            - Undefined Weak Reference
    __rt_locale                               - Undefined Weak Reference
    __sigvec_lookup                           - Undefined Weak Reference
    _atexit_init                              - Undefined Weak Reference
    _call_atexit_fns                          - Undefined Weak Reference
    _clock_init                               - Undefined Weak Reference
    _fp_trap_init                             - Undefined Weak Reference
    _fp_trap_shutdown                         - Undefined Weak Reference
    _get_lc_collate                           - Undefined Weak Reference
    _get_lc_ctype                             - Undefined Weak Reference
    _get_lc_monetary                          - Undefined Weak Reference
    _get_lc_numeric                           - Undefined Weak Reference
    _get_lc_time                              - Undefined Weak Reference
    _getenv_init                              - Undefined Weak Reference
    _handle_redirection                       - Undefined Weak Reference
    _init_alloc                               - Undefined Weak Reference
    _init_user_alloc                          - Undefined Weak Reference
    _initio                                   - Undefined Weak Reference
    _rand_init                                - Undefined Weak Reference
    _signal_finish                            - Undefined Weak Reference
    _signal_init                              - Undefined Weak Reference
    _terminate_alloc                          - Undefined Weak Reference
    _terminate_user_alloc                     - Undefined Weak Reference
    _terminateio                              - Undefined Weak Reference
    __Vectors_End                            0x000000c0   Data           0  arm_startup_nrf51.o(RESET)
    __Vectors_Size                           0x000000c0   Number         0  arm_startup_nrf51.o ABSOLUTE
    __main                                   0x000000c1   Thumb Code     8  __main.o(!!!main)
    __scatterload                            0x000000c9   Thumb Code     0  __scatter.o(!!!scatter)
    __scatterload_rt2                        0x000000c9   Thumb Code    52  __scatter.o(!!!scatter)
    __scatterload_rt2_thumb_only             0x000000c9   Thumb Code     0  __scatter.o(!!!scatter)
    __scatterload_null                       0x000000d9   Thumb Code     0  __scatter.o(!!!scatter)
    __scatterload_copy                       0x00000105   Thumb Code    26  __scatter_copy.o(!!handler_copy)
    __rt_lib_init                            0x0000011f   Thumb Code     0  libinit.o(.ARM.Collect$$libinit$$00000000)
    __rt_lib_init_fp_1                       0x00000121   Thumb Code     0  libinit2.o(.ARM.Collect$$libinit$$00000001)
    __rt_lib_init_alloca_1                   0x00000125   Thumb Code     0  libinit2.o(.ARM.Collect$$libinit$$0000002C)
    __rt_lib_init_argv_1                     0x00000125   Thumb Code     0  libinit2.o(.ARM.Collect$$libinit$$0000002A)
    __rt_lib_init_atexit_1                   0x00000125   Thumb Code     0  libinit2.o(.ARM.Collect$$libinit$$00000019)
    __rt_lib_init_clock_1                    0x00000125   Thumb Code     0  libinit2.o(.ARM.Collect$$libinit$$0000001F)
    __rt_lib_init_cpp_1                      0x00000125   Thumb Code     0  libinit2.o(.ARM.Collect$$libinit$$00000030)
    __rt_lib_init_exceptions_1               0x00000125   Thumb Code     0  libinit2.o(.ARM.Collect$$libinit$$0000002E)
    __rt_lib_init_fp_trap_1                  0x00000125   Thumb Code     0  libinit2.o(.ARM.Collect$$libinit$$0000001D)
    __rt_lib_init_getenv_1                   0x00000125   Thumb Code     0  libinit2.o(.ARM.Collect$$libinit$$00000021)
    __rt_lib_init_heap_1                     0x00000125   Thumb Code     0  libinit2.o(.ARM.Collect$$libinit$$00000008)
    __rt_lib_init_lc_collate_1               0x00000125   Thumb Code     0  libinit2.o(.ARM.Collect$$libinit$$0000000F)
    __rt_lib_init_lc_ctype_1                 0x00000125   Thumb Code     0  libinit2.o(.ARM.Collect$$libinit$$00000011)
    __rt_lib_init_lc_monetary_1              0x00000125   Thumb Code     0  libinit2.o(.ARM.Collect$$libinit$$00000013)
    __rt_lib_init_lc_numeric_1               0x00000125   Thumb Code     0  libinit2.o(.ARM.Collect$$libinit$$00000015)
    __rt_lib_init_lc_time_1                  0x00000125   Thumb Code     0  libinit2.o(.ARM.Collect$$libinit$$00000017)
    __rt_lib_init_rand_1                     0x00000125   Thumb Code     0  libinit2.o(.ARM.Collect$$libinit$$0000000C)
    __rt_lib_init_return                     0x00000125   Thumb Code     0  libinit2.o(.ARM.Collect$$libinit$$00000031)
    __rt_lib_init_signal_1                   0x00000125   Thumb Code     0  libinit2.o(.ARM.Collect$$libinit$$0000001B)
    __rt_lib_init_stdio_1                    0x00000125   Thumb Code     0  libinit2.o(.ARM.Collect$$libinit$$00000023)
    __rt_lib_init_user_alloc_1               0x00000125   Thumb Code     0  libinit2.o(.ARM.Collect$$libinit$$0000000A)
    __rt_lib_shutdown                        0x00000127   Thumb Code     0  libshutdown.o(.ARM.Collect$$libshutdown$$00000000)
    __rt_lib_shutdown_fp_trap_1              0x00000129   Thumb Code     0  libshutdown2.o(.ARM.Collect$$libshutdown$$00000006)
    __rt_lib_shutdown_heap_1                 0x00000129   Thumb Code     0  libshutdown2.o(.ARM.Collect$$libshutdown$$0000000E)
    __rt_lib_shutdown_return                 0x00000129   Thumb Code     0  libshutdown2.o(.ARM.Collect$$libshutdown$$0000000F)
    __rt_lib_shutdown_signal_1               0x00000129   Thumb Code     0  libshutdown2.o(.ARM.Collect$$libshutdown$$00000009)
    __rt_lib_shutdown_stdio_1                0x00000129   Thumb Code     0  libshutdown2.o(.ARM.Collect$$libshutdown$$00000003)
    __rt_lib_shutdown_user_alloc_1           0x00000129   Thumb Code     0  libshutdown2.o(.ARM.Collect$$libshutdown$$0000000B)
    __rt_entry                               0x0000012b   Thumb Code     0  rtentry.o(.ARM.Collect$$rtentry$$00000000)
    __rt_entry_presh_1                       0x0000012b   Thumb Code     0  rtentry2.o(.ARM.Collect$$rtentry$$00000002)
    __rt_entry_sh                            0x0000012b   Thumb Code     0  rtentry4.o(.ARM.Collect$$rtentry$$00000004)
    __rt_entry_li                            0x00000131   Thumb Code     0  rtentry2.o(.ARM.Collect$$rtentry$$0000000A)
    __rt_entry_postsh_1                      0x00000131   Thumb Code     0  rtentry2.o(.ARM.Collect$$rtentry$$00000009)
    __rt_entry_main                          0x00000135   Thumb Code     0  rtentry2.o(.ARM.Collect$$rtentry$$0000000D)
    __rt_entry_postli_1                      0x00000135   Thumb Code     0  rtentry2.o(.ARM.Collect$$rtentry$$0000000C)
    __rt_exit                                0x0000013d   Thumb Code     0  rtexit.o(.ARM.Collect$$rtexit$$00000000)
    __rt_exit_ls                             0x0000013f   Thumb Code     0  rtexit2.o(.ARM.Collect$$rtexit$$00000003)
    __rt_exit_prels_1                        0x0000013f   Thumb Code     0  rtexit2.o(.ARM.Collect$$rtexit$$00000002)
    __rt_exit_exit                           0x00000143   Thumb Code     0  rtexit2.o(.ARM.Collect$$rtexit$$00000004)
    __asm___11_nrf_delay_c_532987f3__nrf_delay_us 0x00000149   Thumb Code    30  nrf_delay.o(.emb_text)
    __asm___13_simple_uart_c_5dda6715__nrf_delay_us 0x00000169   Thumb Code    30  simple_uart.o(.emb_text)
    __aeabi_memcpy4                          0x00000189   Thumb Code    56  rt_memcpy.o(.emb_text)
    __aeabi_memcpy8                          0x00000189   Thumb Code     0  rt_memcpy.o(.emb_text)
    app_error_handler                        0x000001c1   Thumb Code     4  main.o(.text)
    spi_master_0_event_handler               0x000001fd   Thumb Code    76  main.o(.text)
    spi_master_1_event_handler               0x00000249   Thumb Code    76  main.o(.text)
    main                                     0x000003db   Thumb Code   164  main.o(.text)
    Reset_Handler                            0x00000565   Thumb Code    26  arm_startup_nrf51.o(.text)
    NMI_Handler                              0x0000057f   Thumb Code     2  arm_startup_nrf51.o(.text)
    HardFault_Handler                        0x00000581   Thumb Code     2  arm_startup_nrf51.o(.text)
    SVC_Handler                              0x00000583   Thumb Code     2  arm_startup_nrf51.o(.text)
    PendSV_Handler                           0x00000585   Thumb Code     2  arm_startup_nrf51.o(.text)
    SysTick_Handler                          0x00000587   Thumb Code     2  arm_startup_nrf51.o(.text)
    ADC_IRQHandler                           0x00000589   Thumb Code     0  arm_startup_nrf51.o(.text)
    CCM_AAR_IRQHandler                       0x00000589   Thumb Code     0  arm_startup_nrf51.o(.text)
    ECB_IRQHandler                           0x00000589   Thumb Code     0  arm_startup_nrf51.o(.text)
    GPIOTE_IRQHandler                        0x00000589   Thumb Code     0  arm_startup_nrf51.o(.text)
    LPCOMP_IRQHandler                        0x00000589   Thumb Code     0  arm_startup_nrf51.o(.text)
    POWER_CLOCK_IRQHandler                   0x00000589   Thumb Code     0  arm_startup_nrf51.o(.text)
    QDEC_IRQHandler                          0x00000589   Thumb Code     0  arm_startup_nrf51.o(.text)
    RADIO_IRQHandler                         0x00000589   Thumb Code     0  arm_startup_nrf51.o(.text)
    RNG_IRQHandler                           0x00000589   Thumb Code     0  arm_startup_nrf51.o(.text)
    RTC0_IRQHandler                          0x00000589   Thumb Code     0  arm_startup_nrf51.o(.text)
    RTC1_IRQHandler                          0x00000589   Thumb Code     0  arm_startup_nrf51.o(.text)
    SWI0_IRQHandler                          0x00000589   Thumb Code     0  arm_startup_nrf51.o(.text)
    SWI1_IRQHandler                          0x00000589   Thumb Code     0  arm_startup_nrf51.o(.text)
    SWI2_IRQHandler                          0x00000589   Thumb Code     0  arm_startup_nrf51.o(.text)
    SWI3_IRQHandler                          0x00000589   Thumb Code     0  arm_startup_nrf51.o(.text)
    SWI4_IRQHandler                          0x00000589   Thumb Code     0  arm_startup_nrf51.o(.text)
    SWI5_IRQHandler                          0x00000589   Thumb Code     0  arm_startup_nrf51.o(.text)
    TEMP_IRQHandler                          0x00000589   Thumb Code     0  arm_startup_nrf51.o(.text)
    TIMER0_IRQHandler                        0x00000589   Thumb Code     0  arm_startup_nrf51.o(.text)
    TIMER1_IRQHandler                        0x00000589   Thumb Code     0  arm_startup_nrf51.o(.text)
    TIMER2_IRQHandler                        0x00000589   Thumb Code     0  arm_startup_nrf51.o(.text)
    UART0_IRQHandler                         0x00000589   Thumb Code     0  arm_startup_nrf51.o(.text)
    WDT_IRQHandler                           0x00000589   Thumb Code     0  arm_startup_nrf51.o(.text)
    __user_initial_stackheap                 0x0000058d   Thumb Code     0  arm_startup_nrf51.o(.text)
    SystemCoreClockUpdate                    0x000005b9   Thumb Code     8  system_nrf51.o(.text)
    SystemInit                               0x0000065d   Thumb Code    38  system_nrf51.o(.text)
    SPI0_TWI0_IRQHandler                     0x00000801   Thumb Code    44  spi_master.o(.text)
    SPI1_TWI1_IRQHandler                     0x0000082d   Thumb Code    46  spi_master.o(.text)
    spi_master_open                          0x0000093d   Thumb Code   458  spi_master.o(.text)
    spi_master_close                         0x00000b07   Thumb Code   176  spi_master.o(.text)
    spi_master_send_recv                     0x00000bb7   Thumb Code   316  spi_master.o(.text)
    nrf_delay_ms                             0x00000de5   Thumb Code    24  nrf_delay.o(.text)
    sd_nvic_EnableIRQ                        0x00000e01   Thumb Code    22  nrf_soc.o(.text)
    sd_nvic_DisableIRQ                       0x00000e17   Thumb Code    24  nrf_soc.o(.text)
    sd_nvic_GetPendingIRQ                    0x00000e2f   Thumb Code    44  nrf_soc.o(.text)
    sd_nvic_SetPendingIRQ                    0x00000e5b   Thumb Code    22  nrf_soc.o(.text)
    sd_nvic_ClearPendingIRQ                  0x00000e71   Thumb Code    24  nrf_soc.o(.text)
    sd_nvic_SetPriority                      0x00000e89   Thumb Code    18  nrf_soc.o(.text)
    sd_nvic_GetPriority                      0x00000e9b   Thumb Code    74  nrf_soc.o(.text)
    sd_nvic_SystemReset                      0x00000ee5   Thumb Code    24  nrf_soc.o(.text)
    sd_nvic_critical_region_enter            0x00000efd   Thumb Code    34  nrf_soc.o(.text)
    sd_nvic_critical_region_exit             0x00000f1f   Thumb Code    26  nrf_soc.o(.text)
    simple_uart_get                          0x00000fbd   Thumb Code    24  simple_uart.o(.text)
    simple_uart_get_with_timeout             0x00000fd5   Thumb Code    62  simple_uart.o(.text)
    simple_uart_put                          0x00001013   Thumb Code    22  simple_uart.o(.text)
    simple_uart_putstring                    0x00001029   Thumb Code    32  simple_uart.o(.text)
    simple_uart_config                       0x00001049   Thumb Code    90  simple_uart.o(.text)
    __use_two_region_memory                  0x000010d9   Thumb Code     2  heapauxi.o(.text)
    __rt_heap_escrow$2region                 0x000010db   Thumb Code     2  heapauxi.o(.text)
    __rt_heap_expand$2region                 0x000010dd   Thumb Code     2  heapauxi.o(.text)
    __user_setup_stackheap                   0x000010df   Thumb Code    62  sys_stackheap_outer.o(.text)
    exit                                     0x0000111d   Thumb Code    12  exit.o(.text)
    __user_libspace                          0x00001129   Thumb Code     8  libspace.o(.text)
    __user_perproc_libspace                  0x00001129   Thumb Code     0  libspace.o(.text)
    __user_perthread_libspace                0x00001129   Thumb Code     0  libspace.o(.text)
    _sys_exit                                0x00001131   Thumb Code     8  sys_exit.o(.text)
    __I$use$semihosting                      0x0000113d   Thumb Code     0  use_no_semi.o(.text)
    __use_no_semihosting_swi                 0x0000113d   Thumb Code     2  use_no_semi.o(.text)
    __semihosting_library_function           0x0000113f   Thumb Code     0  indicate_semi.o(.text)
    spi_master_evt_handler_reg               0x00001141   Thumb Code    52  spi_master.o(i.spi_master_evt_handler_reg)
    Region$$Table$$Base                      0x000011c4   Number         0  anon$$obj.o(Region$$Table)
    Region$$Table$$Limit                     0x000011d4   Number         0  anon$$obj.o(Region$$Table)
    SystemCoreClock                          0x20000004   Data           4  system_nrf51.o(.data)
    __libspace_start                         0x20000124   Data          96  libspace.o(.bss)
    __temporary_stack_top$libspace           0x20000184   Data           0  libspace.o(.bss)



==============================================================================

Memory Map of the image

  Image Entry point : 0x000000c1

  Load Region LR_IROM1 (Base: 0x00000000, Size: 0x000011e0, Max: 0x00040000, ABSOLUTE)

    Execution Region ER_IROM1 (Base: 0x00000000, Size: 0x000011d4, Max: 0x00040000, ABSOLUTE)

    Base Addr    Size         Type   Attr      Idx    E Section Name        Object

    0x00000000   0x000000c0   Data   RO           98    RESET               arm_startup_nrf51.o
    0x000000c0   0x00000008   Code   RO          283  * !!!main             c_p.l(__main.o)
    0x000000c8   0x0000003c   Code   RO          439    !!!scatter          c_p.l(__scatter.o)
    0x00000104   0x0000001a   Code   RO          441    !!handler_copy      c_p.l(__scatter_copy.o)
    0x0000011e   0x00000002   Code   RO          311    .ARM.Collect$$libinit$$00000000  c_p.l(libinit.o)
    0x00000120   0x00000004   Code   RO          318    .ARM.Collect$$libinit$$00000001  c_p.l(libinit2.o)
    0x00000124   0x00000000   Code   RO          322    .ARM.Collect$$libinit$$00000008  c_p.l(libinit2.o)
    0x00000124   0x00000000   Code   RO          324    .ARM.Collect$$libinit$$0000000A  c_p.l(libinit2.o)
    0x00000124   0x00000000   Code   RO          326    .ARM.Collect$$libinit$$0000000C  c_p.l(libinit2.o)
    0x00000124   0x00000000   Code   RO          329    .ARM.Collect$$libinit$$0000000F  c_p.l(libinit2.o)
    0x00000124   0x00000000   Code   RO          331    .ARM.Collect$$libinit$$00000011  c_p.l(libinit2.o)
    0x00000124   0x00000000   Code   RO          333    .ARM.Collect$$libinit$$00000013  c_p.l(libinit2.o)
    0x00000124   0x00000000   Code   RO          335    .ARM.Collect$$libinit$$00000015  c_p.l(libinit2.o)
    0x00000124   0x00000000   Code   RO          337    .ARM.Collect$$libinit$$00000017  c_p.l(libinit2.o)
    0x00000124   0x00000000   Code   RO          339    .ARM.Collect$$libinit$$00000019  c_p.l(libinit2.o)
    0x00000124   0x00000000   Code   RO          341    .ARM.Collect$$libinit$$0000001B  c_p.l(libinit2.o)
    0x00000124   0x00000000   Code   RO          343    .ARM.Collect$$libinit$$0000001D  c_p.l(libinit2.o)
    0x00000124   0x00000000   Code   RO          345    .ARM.Collect$$libinit$$0000001F  c_p.l(libinit2.o)
    0x00000124   0x00000000   Code   RO          347    .ARM.Collect$$libinit$$00000021  c_p.l(libinit2.o)
    0x00000124   0x00000000   Code   RO          349    .ARM.Collect$$libinit$$00000023  c_p.l(libinit2.o)
    0x00000124   0x00000000   Code   RO          353    .ARM.Collect$$libinit$$0000002A  c_p.l(libinit2.o)
    0x00000124   0x00000000   Code   RO          355    .ARM.Collect$$libinit$$0000002C  c_p.l(libinit2.o)
    0x00000124   0x00000000   Code   RO          357    .ARM.Collect$$libinit$$0000002E  c_p.l(libinit2.o)
    0x00000124   0x00000000   Code   RO          359    .ARM.Collect$$libinit$$00000030  c_p.l(libinit2.o)
    0x00000124   0x00000002   Code   RO          360    .ARM.Collect$$libinit$$00000031  c_p.l(libinit2.o)
    0x00000126   0x00000002   Code   RO          380    .ARM.Collect$$libshutdown$$00000000  c_p.l(libshutdown.o)
    0x00000128   0x00000000   Code   RO          394    .ARM.Collect$$libshutdown$$00000003  c_p.l(libshutdown2.o)
    0x00000128   0x00000000   Code   RO          397    .ARM.Collect$$libshutdown$$00000006  c_p.l(libshutdown2.o)
    0x00000128   0x00000000   Code   RO          400    .ARM.Collect$$libshutdown$$00000009  c_p.l(libshutdown2.o)
    0x00000128   0x00000000   Code   RO          402    .ARM.Collect$$libshutdown$$0000000B  c_p.l(libshutdown2.o)
    0x00000128   0x00000000   Code   RO          405    .ARM.Collect$$libshutdown$$0000000E  c_p.l(libshutdown2.o)
    0x00000128   0x00000002   Code   RO          406    .ARM.Collect$$libshutdown$$0000000F  c_p.l(libshutdown2.o)
    0x0000012a   0x00000000   Code   RO          285    .ARM.Collect$$rtentry$$00000000  c_p.l(rtentry.o)
    0x0000012a   0x00000000   Code   RO          287    .ARM.Collect$$rtentry$$00000002  c_p.l(rtentry2.o)
    0x0000012a   0x00000006   Code   RO          299    .ARM.Collect$$rtentry$$00000004  c_p.l(rtentry4.o)
    0x00000130   0x00000000   Code   RO          289    .ARM.Collect$$rtentry$$00000009  c_p.l(rtentry2.o)
    0x00000130   0x00000004   Code   RO          290    .ARM.Collect$$rtentry$$0000000A  c_p.l(rtentry2.o)
    0x00000134   0x00000000   Code   RO          292    .ARM.Collect$$rtentry$$0000000C  c_p.l(rtentry2.o)
    0x00000134   0x00000008   Code   RO          293    .ARM.Collect$$rtentry$$0000000D  c_p.l(rtentry2.o)
    0x0000013c   0x00000002   Code   RO          316    .ARM.Collect$$rtexit$$00000000  c_p.l(rtexit.o)
    0x0000013e   0x00000000   Code   RO          362    .ARM.Collect$$rtexit$$00000002  c_p.l(rtexit2.o)
    0x0000013e   0x00000004   Code   RO          363    .ARM.Collect$$rtexit$$00000003  c_p.l(rtexit2.o)
    0x00000142   0x00000006   Code   RO          364    .ARM.Collect$$rtexit$$00000004  c_p.l(rtexit2.o)
    0x00000148   0x0000001e   Code   RO          188    .emb_text           nrf_delay.o
    0x00000166   0x00000002   PAD
    0x00000168   0x0000001e   Code   RO          250    .emb_text           simple_uart.o
    0x00000186   0x00000002   PAD
    0x00000188   0x00000038   Code   RO          277    .emb_text           c_p.l(rt_memcpy.o)
    0x000001c0   0x000003a4   Code   RO            4    .text               main.o
    0x00000564   0x00000054   Code   RO           99    .text               arm_startup_nrf51.o
    0x000005b8   0x000000e8   Code   RO          105    .text               system_nrf51.o
    0x000006a0   0x00000744   Code   RO          137    .text               spi_master.o
    0x00000de4   0x0000001c   Code   RO          189    .text               nrf_delay.o
    0x00000e00   0x000001bc   Code   RO          219    .text               nrf_soc.o
    0x00000fbc   0x0000011c   Code   RO          251    .text               simple_uart.o
    0x000010d8   0x00000006   Code   RO          281    .text               c_p.l(heapauxi.o)
    0x000010de   0x0000003e   Code   RO          301    .text               c_p.l(sys_stackheap_outer.o)
    0x0000111c   0x0000000c   Code   RO          304    .text               c_p.l(exit.o)
    0x00001128   0x00000008   Code   RO          312    .text               c_p.l(libspace.o)
    0x00001130   0x0000000c   Code   RO          372    .text               c_p.l(sys_exit.o)
    0x0000113c   0x00000002   Code   RO          383    .text               c_p.l(use_no_semi.o)
    0x0000113e   0x00000000   Code   RO          385    .text               c_p.l(indicate_semi.o)
    0x0000113e   0x00000002   PAD
    0x00001140   0x00000038   Code   RO          162    i.spi_master_evt_handler_reg  spi_master.o
    0x00001178   0x0000001c   Data   RO            6    .constdata          main.o
    0x00001194   0x00000004   Data   RO          139    .constdata          spi_master.o
    0x00001198   0x0000002b   Data   RO          140    .conststring        spi_master.o
    0x000011c3   0x00000001   PAD
    0x000011c4   0x00000010   Data   RO          437    Region$$Table       anon$$obj.o


    Execution Region RW_IRAM1 (Base: 0x20000000, Size: 0x00001188, Max: 0x00004000, ABSOLUTE, UNINIT)

    Base Addr    Size         Type   Attr      Idx    E Section Name        Object

    0x20000000   0x00000002   Data   RW            7    .data               main.o
    0x20000002   0x00000002   PAD
    0x20000004   0x00000004   Data   RW          106    .data               system_nrf51.o
    0x20000008   0x00000001   Data   RW          220    .data               nrf_soc.o
    0x20000009   0x00000003   PAD
    0x2000000c   0x000000c8   Zero   RW            5    .bss                main.o
    0x200000d4   0x00000050   Zero   RW          138    .bss                spi_master.o
    0x20000124   0x00000060   Zero   RW          313    .bss                c_p.l(libspace.o)
    0x20000184   0x00000004   PAD
    0x20000188   0x00000800   Zero   RW           97    HEAP                arm_startup_nrf51.o
    0x20000988   0x00000800   Zero   RW           96    STACK               arm_startup_nrf51.o


==============================================================================

Image component sizes


      Code (inc. data)   RO Data    RW Data    ZI Data      Debug   Object Name

        84         36        192          0       4096        712   arm_startup_nrf51.o
       932        202         28          2        200      12227   main.o
        58          4          0          0          0       1479   nrf_delay.o
       444         22          0          1          0      10034   nrf_soc.o
       314         16          0          0          0       5016   simple_uart.o
      1916        134         47          0         80      11591   spi_master.o
       232         30          0          4          0      17289   system_nrf51.o

    ----------------------------------------------------------------------
      3984        444        284         12       4376      58348   Object Totals
         0          0         16          0          0          0   (incl. Generated)
         4          0          1          5          0          0   (incl. Padding)

    ----------------------------------------------------------------------

      Code (inc. data)   RO Data    RW Data    ZI Data      Debug   Library Member Name

         8          0          0          0          0         68   __main.o
        60          8          0          0          0          0   __scatter.o
        26          0          0          0          0          0   __scatter_copy.o
        12          0          0          0          0         64   exit.o
         6          0          0          0          0        136   heapauxi.o
         0          0          0          0          0          0   indicate_semi.o
         2          0          0          0          0          0   libinit.o
         6          0          0          0          0          0   libinit2.o
         2          0          0          0          0          0   libshutdown.o
         2          0          0          0          0          0   libshutdown2.o
         8          4          0          0         96         68   libspace.o
        56          0          0          0          0         68   rt_memcpy.o
         0          0          0          0          0          0   rtentry.o
        12          0          0          0          0          0   rtentry2.o
         6          0          0          0          0          0   rtentry4.o
         2          0          0          0          0          0   rtexit.o
        10          0          0          0          0          0   rtexit2.o
        12          4          0          0          0         60   sys_exit.o
        62          0          0          0          0         80   sys_stackheap_outer.o
         2          0          0          0          0         68   use_no_semi.o

    ----------------------------------------------------------------------
       296         16          0          0        100        612   Library Totals
         2          0          0          0          4          0   (incl. Padding)

    ----------------------------------------------------------------------

      Code (inc. data)   RO Data    RW Data    ZI Data      Debug   Library Name

       294         16          0          0         96        612   c_p.l

    ----------------------------------------------------------------------
       296         16          0          0        100        612   Library Totals

    ----------------------------------------------------------------------

==============================================================================


      Code (inc. data)   RO Data    RW Data    ZI Data      Debug   

      4280        460        284         12       4476      58160   Grand Totals
      4280        460        284         12       4476      58160   ELF Image Totals
      4280        460        284         12          0          0   ROM Totals

==============================================================================

    Total RO  Size (Code + RO Data)                 4564 (   4.46kB)
    Total RW  Size (RW Data + ZI Data)              4488 (   4.38kB)
    Total ROM Size (Code + RO Data + RW Data)       4576 (   4.47kB)

==============================================================================

