Product: MDK-ARM Lite 5.10
Component: ARM Compiler 5.04 update 1 (build 49)
Tool: armlink [5040049]

==============================================================================

Section Cross References

    main.o(.text) refers to nrf_delay.o(.text) for nrf_delay_ms
    main.o(.text) refers to twi_sw_master.o(.text) for twi_master_init
    main.o(.text) refers to synaptics_touchpad.o(.text) for touchpad_init
    main.o(.text) refers to ds1624.o(.text) for ds1624_init
    arm_startup_nrf51.o(STACK) refers (Special) to heapauxi.o(.text) for __use_two_region_memory
    arm_startup_nrf51.o(HEAP) refers (Special) to heapauxi.o(.text) for __use_two_region_memory
    arm_startup_nrf51.o(RESET) refers (Special) to heapauxi.o(.text) for __use_two_region_memory
    arm_startup_nrf51.o(RESET) refers to arm_startup_nrf51.o(STACK) for __initial_sp
    arm_startup_nrf51.o(RESET) refers to arm_startup_nrf51.o(.text) for Reset_Handler
    arm_startup_nrf51.o(.text) refers (Special) to heapauxi.o(.text) for __use_two_region_memory
    arm_startup_nrf51.o(.text) refers to system_nrf51.o(.text) for SystemInit
    arm_startup_nrf51.o(.text) refers to __main.o(!!!main) for __main
    arm_startup_nrf51.o(.text) refers to arm_startup_nrf51.o(HEAP) for Heap_Mem
    arm_startup_nrf51.o(.text) refers to arm_startup_nrf51.o(STACK) for Stack_Mem
    system_nrf51.o(.text) refers to system_nrf51.o(.data) for SystemCoreClock
    twi_sw_master.o(.text) refers to twi_sw_master.o(.emb_text) for __asm___15_twi_sw_master_c_959ec897__nrf_delay_us
    ds1624.o(.text) refers to twi_sw_master.o(.text) for twi_master_transfer
    ds1624.o(.text) refers to ds1624.o(.constdata) for command_access_config
    ds1624.o(.text) refers to ds1624.o(.data) for m_device_address
    synaptics_touchpad.o(.text) refers to twi_sw_master.o(.text) for twi_master_transfer
    synaptics_touchpad.o(.text) refers to synaptics_touchpad.o(.data) for m_device_address
    synaptics_touchpad.o(.text) refers to synaptics_touchpad.o(.constdata) for expected_product_id
    nrf_delay.o(.text) refers to nrf_delay.o(.emb_text) for __asm___11_nrf_delay_c_532987f3__nrf_delay_us
    __main.o(!!!main) refers to rtentry.o(.ARM.Collect$$rtentry$$00000000) for __rt_entry
    rtentry.o(.ARM.Collect$$rtentry$$00000000) refers (Special) to rtentry2.o(.ARM.Collect$$rtentry$$0000000A) for __rt_entry_li
    rtentry.o(.ARM.Collect$$rtentry$$00000000) refers (Special) to rtentry2.o(.ARM.Collect$$rtentry$$0000000D) for __rt_entry_main
    rtentry.o(.ARM.Collect$$rtentry$$00000000) refers (Special) to rtentry2.o(.ARM.Collect$$rtentry$$0000000C) for __rt_entry_postli_1
    rtentry.o(.ARM.Collect$$rtentry$$00000000) refers (Special) to rtentry2.o(.ARM.Collect$$rtentry$$00000009) for __rt_entry_postsh_1
    rtentry.o(.ARM.Collect$$rtentry$$00000000) refers (Special) to rtentry2.o(.ARM.Collect$$rtentry$$00000002) for __rt_entry_presh_1
    rtentry.o(.ARM.Collect$$rtentry$$00000000) refers (Special) to rtentry4.o(.ARM.Collect$$rtentry$$00000004) for __rt_entry_sh
    rtentry2.o(.ARM.Collect$$rtentry$$00000008) refers to boardinit2.o(.text) for _platform_post_stackheap_init
    rtentry2.o(.ARM.Collect$$rtentry$$0000000A) refers to libinit.o(.ARM.Collect$$libinit$$00000000) for __rt_lib_init
    rtentry2.o(.ARM.Collect$$rtentry$$0000000B) refers to boardinit3.o(.text) for _platform_post_lib_init
    rtentry2.o(.ARM.Collect$$rtentry$$0000000D) refers to main.o(.text) for main
    rtentry2.o(.ARM.Collect$$rtentry$$0000000D) refers to exit.o(.text) for exit
    rtentry2.o(.ARM.exidx) refers to rtentry2.o(.ARM.Collect$$rtentry$$00000001) for .ARM.Collect$$rtentry$$00000001
    rtentry2.o(.ARM.exidx) refers to rtentry2.o(.ARM.Collect$$rtentry$$00000008) for .ARM.Collect$$rtentry$$00000008
    rtentry2.o(.ARM.exidx) refers to rtentry2.o(.ARM.Collect$$rtentry$$0000000A) for .ARM.Collect$$rtentry$$0000000A
    rtentry2.o(.ARM.exidx) refers to rtentry2.o(.ARM.Collect$$rtentry$$0000000B) for .ARM.Collect$$rtentry$$0000000B
    rtentry2.o(.ARM.exidx) refers to rtentry2.o(.ARM.Collect$$rtentry$$0000000D) for .ARM.Collect$$rtentry$$0000000D
    rtentry4.o(.ARM.Collect$$rtentry$$00000004) refers to sys_stackheap_outer.o(.text) for __user_setup_stackheap
    rtentry4.o(.ARM.exidx) refers to rtentry4.o(.ARM.Collect$$rtentry$$00000004) for .ARM.Collect$$rtentry$$00000004
    sys_stackheap_outer.o(.text) refers to libspace.o(.text) for __user_perproc_libspace
    sys_stackheap_outer.o(.text) refers to arm_startup_nrf51.o(.text) for __user_initial_stackheap
    sys_stackheap_outer.o(__vectab_stack_and_reset_area) refers to tempstk.o(.text) for __temporary_stack_top
    sys_stackheap_outer.o(__vectab_stack_and_reset_area) refers to __main.o(!!!main) for __main
    exit.o(.text) refers to rtexit.o(.ARM.Collect$$rtexit$$00000000) for __rt_exit
    libinit.o(.ARM.Collect$$libinit$$00000000) refers (Special) to libinit2.o(.ARM.Collect$$libinit$$0000002C) for __rt_lib_init_alloca_1
    libinit.o(.ARM.Collect$$libinit$$00000000) refers (Special) to libinit2.o(.ARM.Collect$$libinit$$0000002A) for __rt_lib_init_argv_1
    libinit.o(.ARM.Collect$$libinit$$00000000) refers (Special) to libinit2.o(.ARM.Collect$$libinit$$00000019) for __rt_lib_init_atexit_1
    libinit.o(.ARM.Collect$$libinit$$00000000) refers (Special) to libinit2.o(.ARM.Collect$$libinit$$0000001F) for __rt_lib_init_clock_1
    libinit.o(.ARM.Collect$$libinit$$00000000) refers (Special) to libinit2.o(.ARM.Collect$$libinit$$00000030) for __rt_lib_init_cpp_1
    libinit.o(.ARM.Collect$$libinit$$00000000) refers (Special) to libinit2.o(.ARM.Collect$$libinit$$0000002E) for __rt_lib_init_exceptions_1
    libinit.o(.ARM.Collect$$libinit$$00000000) refers (Special) to libinit2.o(.ARM.Collect$$libinit$$00000001) for __rt_lib_init_fp_1
    libinit.o(.ARM.Collect$$libinit$$00000000) refers (Special) to libinit2.o(.ARM.Collect$$libinit$$0000001D) for __rt_lib_init_fp_trap_1
    libinit.o(.ARM.Collect$$libinit$$00000000) refers (Special) to libinit2.o(.ARM.Collect$$libinit$$00000021) for __rt_lib_init_getenv_1
    libinit.o(.ARM.Collect$$libinit$$00000000) refers (Special) to libinit2.o(.ARM.Collect$$libinit$$00000008) for __rt_lib_init_heap_1
    libinit.o(.ARM.Collect$$libinit$$00000000) refers (Special) to libinit2.o(.ARM.Collect$$libinit$$0000000F) for __rt_lib_init_lc_collate_1
    libinit.o(.ARM.Collect$$libinit$$00000000) refers (Special) to libinit2.o(.ARM.Collect$$libinit$$00000011) for __rt_lib_init_lc_ctype_1
    libinit.o(.ARM.Collect$$libinit$$00000000) refers (Special) to libinit2.o(.ARM.Collect$$libinit$$00000013) for __rt_lib_init_lc_monetary_1
    libinit.o(.ARM.Collect$$libinit$$00000000) refers (Special) to libinit2.o(.ARM.Collect$$libinit$$00000015) for __rt_lib_init_lc_numeric_1
    libinit.o(.ARM.Collect$$libinit$$00000000) refers (Special) to libinit2.o(.ARM.Collect$$libinit$$00000017) for __rt_lib_init_lc_time_1
    libinit.o(.ARM.Collect$$libinit$$00000000) refers (Special) to libinit2.o(.ARM.Collect$$libinit$$0000000C) for __rt_lib_init_rand_1
    libinit.o(.ARM.Collect$$libinit$$00000000) refers (Special) to libinit2.o(.ARM.Collect$$libinit$$00000031) for __rt_lib_init_return
    libinit.o(.ARM.Collect$$libinit$$00000000) refers (Special) to libinit2.o(.ARM.Collect$$libinit$$0000001B) for __rt_lib_init_signal_1
    libinit.o(.ARM.Collect$$libinit$$00000000) refers (Special) to libinit2.o(.ARM.Collect$$libinit$$00000023) for __rt_lib_init_stdio_1
    libinit.o(.ARM.Collect$$libinit$$00000000) refers (Special) to libinit2.o(.ARM.Collect$$libinit$$0000000A) for __rt_lib_init_user_alloc_1
    libspace.o(.text) refers to libspace.o(.bss) for __libspace_start
    rtexit.o(.ARM.Collect$$rtexit$$00000000) refers (Special) to rtexit2.o(.ARM.Collect$$rtexit$$00000004) for __rt_exit_exit
    rtexit.o(.ARM.Collect$$rtexit$$00000000) refers (Special) to rtexit2.o(.ARM.Collect$$rtexit$$00000003) for __rt_exit_ls
    rtexit.o(.ARM.Collect$$rtexit$$00000000) refers (Special) to rtexit2.o(.ARM.Collect$$rtexit$$00000002) for __rt_exit_prels_1
    rtexit.o(.ARM.exidx) refers (Special) to rtexit2.o(.ARM.Collect$$rtexit$$00000004) for __rt_exit_exit
    rtexit.o(.ARM.exidx) refers (Special) to rtexit2.o(.ARM.Collect$$rtexit$$00000003) for __rt_exit_ls
    rtexit.o(.ARM.exidx) refers (Special) to rtexit2.o(.ARM.Collect$$rtexit$$00000002) for __rt_exit_prels_1
    rtexit.o(.ARM.exidx) refers to rtexit.o(.ARM.Collect$$rtexit$$00000000) for .ARM.Collect$$rtexit$$00000000
    libinit2.o(.ARM.Collect$$libinit$$0000000E) refers to libinit2.o(.ARM.Collect$$libinit$$0000000D) for .ARM.Collect$$libinit$$0000000D
    libinit2.o(.ARM.Collect$$libinit$$00000010) refers to libinit2.o(.ARM.Collect$$libinit$$0000000D) for .ARM.Collect$$libinit$$0000000D
    libinit2.o(.ARM.Collect$$libinit$$00000012) refers to libinit2.o(.ARM.Collect$$libinit$$0000000D) for .ARM.Collect$$libinit$$0000000D
    libinit2.o(.ARM.Collect$$libinit$$00000014) refers to libinit2.o(.ARM.Collect$$libinit$$0000000D) for .ARM.Collect$$libinit$$0000000D
    libinit2.o(.ARM.Collect$$libinit$$00000016) refers to libinit2.o(.ARM.Collect$$libinit$$0000000D) for .ARM.Collect$$libinit$$0000000D
    libinit2.o(.ARM.Collect$$libinit$$00000024) refers to argv_veneer.o(.text) for __ARM_argv_veneer
    libinit2.o(.ARM.Collect$$libinit$$00000025) refers to argv_veneer.o(.text) for __ARM_argv_veneer
    rtexit2.o(.ARM.Collect$$rtexit$$00000003) refers to libshutdown.o(.ARM.Collect$$libshutdown$$00000000) for __rt_lib_shutdown
    rtexit2.o(.ARM.Collect$$rtexit$$00000004) refers to sys_exit.o(.text) for _sys_exit
    rtexit2.o(.ARM.exidx) refers to rtexit2.o(.ARM.Collect$$rtexit$$00000001) for .ARM.Collect$$rtexit$$00000001
    rtexit2.o(.ARM.exidx) refers to rtexit2.o(.ARM.Collect$$rtexit$$00000003) for .ARM.Collect$$rtexit$$00000003
    rtexit2.o(.ARM.exidx) refers to rtexit2.o(.ARM.Collect$$rtexit$$00000004) for .ARM.Collect$$rtexit$$00000004
    sys_exit.o(.text) refers (Special) to use_no_semi.o(.text) for __I$use$semihosting
    sys_exit.o(.text) refers (Special) to indicate_semi.o(.text) for __semihosting_library_function
    _get_argv_nomalloc.o(.text) refers (Special) to hrguard.o(.text) for __heap_region$guard
    _get_argv_nomalloc.o(.text) refers to defsig_rtmem_outer.o(.text) for __rt_SIGRTMEM
    _get_argv_nomalloc.o(.text) refers to sys_command.o(.text) for _sys_command_string
    libshutdown.o(.ARM.Collect$$libshutdown$$00000000) refers (Special) to libshutdown2.o(.ARM.Collect$$libshutdown$$00000006) for __rt_lib_shutdown_fp_trap_1
    libshutdown.o(.ARM.Collect$$libshutdown$$00000000) refers (Special) to libshutdown2.o(.ARM.Collect$$libshutdown$$0000000E) for __rt_lib_shutdown_heap_1
    libshutdown.o(.ARM.Collect$$libshutdown$$00000000) refers (Special) to libshutdown2.o(.ARM.Collect$$libshutdown$$0000000F) for __rt_lib_shutdown_return
    libshutdown.o(.ARM.Collect$$libshutdown$$00000000) refers (Special) to libshutdown2.o(.ARM.Collect$$libshutdown$$00000009) for __rt_lib_shutdown_signal_1
    libshutdown.o(.ARM.Collect$$libshutdown$$00000000) refers (Special) to libshutdown2.o(.ARM.Collect$$libshutdown$$00000003) for __rt_lib_shutdown_stdio_1
    libshutdown.o(.ARM.Collect$$libshutdown$$00000000) refers (Special) to libshutdown2.o(.ARM.Collect$$libshutdown$$0000000B) for __rt_lib_shutdown_user_alloc_1
    sys_command.o(.text) refers (Special) to use_no_semi.o(.text) for __I$use$semihosting
    sys_command.o(.text) refers (Special) to indicate_semi.o(.text) for __semihosting_library_function
    defsig_rtmem_outer.o(.text) refers to defsig_rtmem_inner.o(.text) for __rt_SIGRTMEM_inner
    defsig_rtmem_outer.o(.text) refers to defsig_exit.o(.text) for __sig_exit
    defsig_rtmem_formal.o(.text) refers to rt_raise.o(.text) for __rt_raise
    rt_raise.o(.text) refers to __raise.o(.text) for __raise
    rt_raise.o(.text) refers to sys_exit.o(.text) for _sys_exit
    defsig_exit.o(.text) refers to sys_exit.o(.text) for _sys_exit
    defsig_rtmem_inner.o(.text) refers to defsig_general.o(.text) for __default_signal_display
    __raise.o(.text) refers to defsig.o(CL$$defsig) for __default_signal_handler
    defsig_general.o(.text) refers to sys_wrch.o(.text) for _ttywrch
    sys_wrch.o(.text) refers (Special) to use_no_semi.o(.text) for __I$use$semihosting
    sys_wrch.o(.text) refers (Special) to indicate_semi.o(.text) for __semihosting_library_function
    defsig.o(CL$$defsig) refers to defsig_rtmem_inner.o(.text) for __rt_SIGRTMEM_inner
    defsig_abrt_inner.o(.text) refers to defsig_general.o(.text) for __default_signal_display
    defsig_fpe_inner.o(.text) refers to defsig_general.o(.text) for __default_signal_display
    defsig_rtred_inner.o(.text) refers to defsig_general.o(.text) for __default_signal_display
    defsig_stak_inner.o(.text) refers to defsig_general.o(.text) for __default_signal_display
    defsig_pvfn_inner.o(.text) refers to defsig_general.o(.text) for __default_signal_display
    defsig_cppl_inner.o(.text) refers to defsig_general.o(.text) for __default_signal_display
    defsig_segv_inner.o(.text) refers to defsig_general.o(.text) for __default_signal_display
    defsig_other.o(.text) refers to defsig_general.o(.text) for __default_signal_display


==============================================================================

Removing Unused input sections from the image.

    Removing main.o(.rev16_text), (4 bytes).
    Removing main.o(.revsh_text), (4 bytes).
    Removing main.o(.emb_text), (30 bytes).
    Removing system_nrf51.o(.rev16_text), (4 bytes).
    Removing system_nrf51.o(.revsh_text), (4 bytes).
    Removing twi_sw_master.o(.rev16_text), (4 bytes).
    Removing twi_sw_master.o(.revsh_text), (4 bytes).
    Removing ds1624.o(.rev16_text), (4 bytes).
    Removing ds1624.o(.revsh_text), (4 bytes).
    Removing ds1624.o(.emb_text), (30 bytes).
    Removing nrf_delay.o(.rev16_text), (4 bytes).
    Removing nrf_delay.o(.revsh_text), (4 bytes).

12 unused section(s) (total 100 bytes) removed from the image.

==============================================================================

Image Symbol Table

    Local Symbols

    Symbol Name                              Value     Ov Type        Size  Object(Section)

    RESET                                    0x00000000   Section      192  arm_startup_nrf51.o(RESET)
    ../clib/angel/boardlib.s                 0x00000000   Number         0  boardinit1.o ABSOLUTE
    ../clib/angel/boardlib.s                 0x00000000   Number         0  boardshut.o ABSOLUTE
    ../clib/angel/boardlib.s                 0x00000000   Number         0  boardinit3.o ABSOLUTE
    ../clib/angel/boardlib.s                 0x00000000   Number         0  boardinit2.o ABSOLUTE
    ../clib/angel/handlers.s                 0x00000000   Number         0  __scatter_copy.o ABSOLUTE
    ../clib/angel/kernel.s                   0x00000000   Number         0  rtentry4.o ABSOLUTE
    ../clib/angel/kernel.s                   0x00000000   Number         0  rtentry2.o ABSOLUTE
    ../clib/angel/kernel.s                   0x00000000   Number         0  rtexit.o ABSOLUTE
    ../clib/angel/kernel.s                   0x00000000   Number         0  rtentry.o ABSOLUTE
    ../clib/angel/kernel.s                   0x00000000   Number         0  rtexit2.o ABSOLUTE
    ../clib/angel/rt.s                       0x00000000   Number         0  rt_raise.o ABSOLUTE
    ../clib/angel/scatterp.s                 0x00000000   Number         0  __scatter.o ABSOLUTE
    ../clib/angel/startup.s                  0x00000000   Number         0  __main.o ABSOLUTE
    ../clib/angel/sys.s                      0x00000000   Number         0  use_no_semi.o ABSOLUTE
    ../clib/angel/sys.s                      0x00000000   Number         0  sys_stackheap_outer.o ABSOLUTE
    ../clib/angel/sys.s                      0x00000000   Number         0  tempstk.o ABSOLUTE
    ../clib/angel/sys.s                      0x00000000   Number         0  libspace.o ABSOLUTE
    ../clib/angel/sys.s                      0x00000000   Number         0  indicate_semi.o ABSOLUTE
    ../clib/angel/sysapp.c                   0x00000000   Number         0  sys_command.o ABSOLUTE
    ../clib/angel/sysapp.c                   0x00000000   Number         0  sys_exit.o ABSOLUTE
    ../clib/angel/sysapp.c                   0x00000000   Number         0  sys_wrch.o ABSOLUTE
    ../clib/armsys.c                         0x00000000   Number         0  no_argv.o ABSOLUTE
    ../clib/armsys.c                         0x00000000   Number         0  argv_veneer.o ABSOLUTE
    ../clib/armsys.c                         0x00000000   Number         0  _get_argv_nomalloc.o ABSOLUTE
    ../clib/heapalloc.c                      0x00000000   Number         0  hrguard.o ABSOLUTE
    ../clib/heapaux.c                        0x00000000   Number         0  heapauxi.o ABSOLUTE
    ../clib/libinit.s                        0x00000000   Number         0  libshutdown2.o ABSOLUTE
    ../clib/libinit.s                        0x00000000   Number         0  libshutdown.o ABSOLUTE
    ../clib/libinit.s                        0x00000000   Number         0  libinit2.o ABSOLUTE
    ../clib/libinit.s                        0x00000000   Number         0  libinit.o ABSOLUTE
    ../clib/signal.c                         0x00000000   Number         0  defsig_other.o ABSOLUTE
    ../clib/signal.c                         0x00000000   Number         0  defsig_segv_inner.o ABSOLUTE
    ../clib/signal.c                         0x00000000   Number         0  defsig_pvfn_inner.o ABSOLUTE
    ../clib/signal.c                         0x00000000   Number         0  defsig_stak_inner.o ABSOLUTE
    ../clib/signal.c                         0x00000000   Number         0  defsig_rtred_inner.o ABSOLUTE
    ../clib/signal.c                         0x00000000   Number         0  defsig_fpe_inner.o ABSOLUTE
    ../clib/signal.c                         0x00000000   Number         0  defsig_exit.o ABSOLUTE
    ../clib/signal.c                         0x00000000   Number         0  defsig_rtmem_inner.o ABSOLUTE
    ../clib/signal.c                         0x00000000   Number         0  __raise.o ABSOLUTE
    ../clib/signal.c                         0x00000000   Number         0  defsig_rtmem_formal.o ABSOLUTE
    ../clib/signal.c                         0x00000000   Number         0  defsig_general.o ABSOLUTE
    ../clib/signal.c                         0x00000000   Number         0  defsig_cppl_inner.o ABSOLUTE
    ../clib/signal.c                         0x00000000   Number         0  defsig_abrt_inner.o ABSOLUTE
    ../clib/signal.c                         0x00000000   Number         0  defsig_rtmem_outer.o ABSOLUTE
    ../clib/signal.s                         0x00000000   Number         0  defsig.o ABSOLUTE
    ../clib/stdlib.c                         0x00000000   Number         0  exit.o ABSOLUTE
    ../fplib/cfplib/fpinit.c                 0x00000000   Number         0  fpinit.o ABSOLUTE
    ..\..\..\..\Source\ext_sensors\ds1624\ds1624.c 0x00000000   Number         0  ds1624.o ABSOLUTE
    ..\..\..\..\Source\ext_sensors\synaptics_touchpad\synaptics_touchpad.c 0x00000000   Number         0  synaptics_touchpad.o ABSOLUTE
    ..\..\..\..\Source\nrf_delay\nrf_delay.c 0x00000000   Number         0  nrf_delay.o ABSOLUTE
    ..\..\..\..\Source\twi_master\twi_sw_master.c 0x00000000   Number         0  twi_sw_master.o ABSOLUTE
    ..\\..\\..\\..\\Source\\ext_sensors\\ds1624\\ds1624.c 0x00000000   Number         0  ds1624.o ABSOLUTE
    ..\\..\\..\\..\\Source\\nrf_delay\\nrf_delay.c 0x00000000   Number         0  nrf_delay.o ABSOLUTE
    ..\\..\\..\\..\\Source\\twi_master\\twi_sw_master.c 0x00000000   Number         0  twi_sw_master.o ABSOLUTE
    ..\\main.c                               0x00000000   Number         0  main.o ABSOLUTE
    ..\main.c                                0x00000000   Number         0  main.o ABSOLUTE
    RTE\Device\nRF51822_xxAA\arm_startup_nrf51.s 0x00000000   Number         0  arm_startup_nrf51.o ABSOLUTE
    RTE\Device\nRF51822_xxAA\system_nrf51.c  0x00000000   Number         0  system_nrf51.o ABSOLUTE
    RTE\\Device\\nRF51822_xxAA\\system_nrf51.c 0x00000000   Number         0  system_nrf51.o ABSOLUTE
    dc.s                                     0x00000000   Number         0  dc.o ABSOLUTE
    !!!main                                  0x000000c0   Section        8  __main.o(!!!main)
    !!!scatter                               0x000000c8   Section       60  __scatter.o(!!!scatter)
    !!handler_copy                           0x00000104   Section       26  __scatter_copy.o(!!handler_copy)
    .ARM.Collect$$libinit$$00000000          0x0000011e   Section        2  libinit.o(.ARM.Collect$$libinit$$00000000)
    .ARM.Collect$$libinit$$00000001          0x00000120   Section        4  libinit2.o(.ARM.Collect$$libinit$$00000001)
    .ARM.Collect$$libinit$$00000008          0x00000124   Section        0  libinit2.o(.ARM.Collect$$libinit$$00000008)
    .ARM.Collect$$libinit$$0000000A          0x00000124   Section        0  libinit2.o(.ARM.Collect$$libinit$$0000000A)
    .ARM.Collect$$libinit$$0000000C          0x00000124   Section        0  libinit2.o(.ARM.Collect$$libinit$$0000000C)
    .ARM.Collect$$libinit$$0000000F          0x00000124   Section        0  libinit2.o(.ARM.Collect$$libinit$$0000000F)
    .ARM.Collect$$libinit$$00000011          0x00000124   Section        0  libinit2.o(.ARM.Collect$$libinit$$00000011)
    .ARM.Collect$$libinit$$00000013          0x00000124   Section        0  libinit2.o(.ARM.Collect$$libinit$$00000013)
    .ARM.Collect$$libinit$$00000015          0x00000124   Section        0  libinit2.o(.ARM.Collect$$libinit$$00000015)
    .ARM.Collect$$libinit$$00000017          0x00000124   Section        0  libinit2.o(.ARM.Collect$$libinit$$00000017)
    .ARM.Collect$$libinit$$00000019          0x00000124   Section        0  libinit2.o(.ARM.Collect$$libinit$$00000019)
    .ARM.Collect$$libinit$$0000001B          0x00000124   Section        0  libinit2.o(.ARM.Collect$$libinit$$0000001B)
    .ARM.Collect$$libinit$$0000001D          0x00000124   Section        0  libinit2.o(.ARM.Collect$$libinit$$0000001D)
    .ARM.Collect$$libinit$$0000001F          0x00000124   Section        0  libinit2.o(.ARM.Collect$$libinit$$0000001F)
    .ARM.Collect$$libinit$$00000021          0x00000124   Section        0  libinit2.o(.ARM.Collect$$libinit$$00000021)
    .ARM.Collect$$libinit$$00000023          0x00000124   Section        0  libinit2.o(.ARM.Collect$$libinit$$00000023)
    .ARM.Collect$$libinit$$0000002A          0x00000124   Section        0  libinit2.o(.ARM.Collect$$libinit$$0000002A)
    .ARM.Collect$$libinit$$0000002C          0x00000124   Section        0  libinit2.o(.ARM.Collect$$libinit$$0000002C)
    .ARM.Collect$$libinit$$0000002E          0x00000124   Section        0  libinit2.o(.ARM.Collect$$libinit$$0000002E)
    .ARM.Collect$$libinit$$00000030          0x00000124   Section        0  libinit2.o(.ARM.Collect$$libinit$$00000030)
    .ARM.Collect$$libinit$$00000031          0x00000124   Section        2  libinit2.o(.ARM.Collect$$libinit$$00000031)
    .ARM.Collect$$libshutdown$$00000000      0x00000126   Section        2  libshutdown.o(.ARM.Collect$$libshutdown$$00000000)
    .ARM.Collect$$libshutdown$$00000003      0x00000128   Section        0  libshutdown2.o(.ARM.Collect$$libshutdown$$00000003)
    .ARM.Collect$$libshutdown$$00000006      0x00000128   Section        0  libshutdown2.o(.ARM.Collect$$libshutdown$$00000006)
    .ARM.Collect$$libshutdown$$00000009      0x00000128   Section        0  libshutdown2.o(.ARM.Collect$$libshutdown$$00000009)
    .ARM.Collect$$libshutdown$$0000000B      0x00000128   Section        0  libshutdown2.o(.ARM.Collect$$libshutdown$$0000000B)
    .ARM.Collect$$libshutdown$$0000000E      0x00000128   Section        0  libshutdown2.o(.ARM.Collect$$libshutdown$$0000000E)
    .ARM.Collect$$libshutdown$$0000000F      0x00000128   Section        2  libshutdown2.o(.ARM.Collect$$libshutdown$$0000000F)
    .ARM.Collect$$rtentry$$00000000          0x0000012a   Section        0  rtentry.o(.ARM.Collect$$rtentry$$00000000)
    .ARM.Collect$$rtentry$$00000002          0x0000012a   Section        0  rtentry2.o(.ARM.Collect$$rtentry$$00000002)
    .ARM.Collect$$rtentry$$00000004          0x0000012a   Section        6  rtentry4.o(.ARM.Collect$$rtentry$$00000004)
    .ARM.Collect$$rtentry$$00000009          0x00000130   Section        0  rtentry2.o(.ARM.Collect$$rtentry$$00000009)
    .ARM.Collect$$rtentry$$0000000A          0x00000130   Section        4  rtentry2.o(.ARM.Collect$$rtentry$$0000000A)
    .ARM.Collect$$rtentry$$0000000C          0x00000134   Section        0  rtentry2.o(.ARM.Collect$$rtentry$$0000000C)
    .ARM.Collect$$rtentry$$0000000D          0x00000134   Section        8  rtentry2.o(.ARM.Collect$$rtentry$$0000000D)
    .ARM.Collect$$rtexit$$00000000           0x0000013c   Section        2  rtexit.o(.ARM.Collect$$rtexit$$00000000)
    .ARM.Collect$$rtexit$$00000002           0x0000013e   Section        0  rtexit2.o(.ARM.Collect$$rtexit$$00000002)
    .ARM.Collect$$rtexit$$00000003           0x0000013e   Section        4  rtexit2.o(.ARM.Collect$$rtexit$$00000003)
    .ARM.Collect$$rtexit$$00000004           0x00000142   Section        6  rtexit2.o(.ARM.Collect$$rtexit$$00000004)
    .emb_text                                0x00000148   Section       30  twi_sw_master.o(.emb_text)
    .emb_text                                0x00000168   Section       30  nrf_delay.o(.emb_text)
    .text                                    0x00000188   Section        0  main.o(.text)
    nrf_gpio_word_byte_write                 0x0000027f   Thumb Code     4  main.o(.text)
    nrf_gpio_port_write                      0x00000283   Thumb Code    20  main.o(.text)
    nrf_gpio_port_set                        0x00000297   Thumb Code    20  main.o(.text)
    nrf_gpio_port_clear                      0x000002ab   Thumb Code    20  main.o(.text)
    .text                                    0x000002c4   Section       84  arm_startup_nrf51.o(.text)
    .text                                    0x00000318   Section        0  system_nrf51.o(.text)
    is_disabled_in_debug_needed              0x00000321   Thumb Code    52  system_nrf51.o(.text)
    is_manual_peripheral_setup_needed        0x00000355   Thumb Code   104  system_nrf51.o(.text)
    .text                                    0x00000400   Section        0  twi_sw_master.o(.text)
    twi_master_clear_bus                     0x00000401   Thumb Code   136  twi_sw_master.o(.text)
    twi_master_wait_while_scl_low            0x000004c9   Thumb Code    36  twi_sw_master.o(.text)
    twi_master_issue_stopcondition           0x000004ed   Thumb Code    48  twi_sw_master.o(.text)
    twi_master_clock_byte                    0x0000051d   Thumb Code   164  twi_sw_master.o(.text)
    twi_master_clock_byte_in                 0x000005c1   Thumb Code   148  twi_sw_master.o(.text)
    twi_master_issue_startcondition          0x00000655   Thumb Code    64  twi_sw_master.o(.text)
    .text                                    0x00000720   Section        0  ds1624.o(.text)
    ds1624_config_read                       0x00000721   Thumb Code    54  ds1624.o(.text)
    .text                                    0x0000081c   Section        0  synaptics_touchpad.o(.text)
    .text                                    0x00000940   Section        0  nrf_delay.o(.text)
    .text                                    0x0000095c   Section        0  heapauxi.o(.text)
    .text                                    0x00000962   Section       62  sys_stackheap_outer.o(.text)
    .text                                    0x000009a0   Section        0  exit.o(.text)
    .text                                    0x000009ac   Section        8  libspace.o(.text)
    .text                                    0x000009b4   Section        0  sys_exit.o(.text)
    .text                                    0x000009c0   Section        2  use_no_semi.o(.text)
    .constdata                               0x000009c2   Section        5  ds1624.o(.constdata)
    .text                                    0x000009c2   Section        0  indicate_semi.o(.text)
    .constdata                               0x000009c7   Section       10  synaptics_touchpad.o(.constdata)
    expected_product_id                      0x000009c7   Data          10  synaptics_touchpad.o(.constdata)
    .data                                    0x20000000   Section        4  system_nrf51.o(.data)
    __tagsym$$used                           0x20000000   Number         0  system_nrf51.o(.data)
    .data                                    0x20000004   Section        1  ds1624.o(.data)
    m_device_address                         0x20000004   Data           1  ds1624.o(.data)
    .data                                    0x20000005   Section        1  synaptics_touchpad.o(.data)
    m_device_address                         0x20000005   Data           1  synaptics_touchpad.o(.data)
    .bss                                     0x20000008   Section       96  libspace.o(.bss)
    HEAP                                     0x20000068   Section     2048  arm_startup_nrf51.o(HEAP)
    Heap_Mem                                 0x20000068   Data        2048  arm_startup_nrf51.o(HEAP)
    STACK                                    0x20000868   Section     2048  arm_startup_nrf51.o(STACK)
    Stack_Mem                                0x20000868   Data        2048  arm_startup_nrf51.o(STACK)
    __initial_sp                             0x20001068   Data           0  arm_startup_nrf51.o(STACK)

    Global Symbols

    Symbol Name                              Value     Ov Type        Size  Object(Section)

    BuildAttributes$$THM_ISAv3M$S$PE$A:L22$X:L11$S22$IEEE1$IW$USESV6$~STKCKD$USESV7$~SHL$OSPACE$ROPI$EBA8$UX$STANDARDLIB$REQ8$PRES8$EABIv2 0x00000000   Number         0  anon$$obj.o ABSOLUTE
    __ARM_use_no_argv                        0x00000000   Number         0  main.o ABSOLUTE
    __Vectors                                0x00000000   Data           4  arm_startup_nrf51.o(RESET)
    __ARM_exceptions_init                     - Undefined Weak Reference
    __alloca_initialize                       - Undefined Weak Reference
    __cpp_initialize__aeabi_                  - Undefined Weak Reference
    __cxa_finalize                            - Undefined Weak Reference
    __rt_locale                               - Undefined Weak Reference
    __sigvec_lookup                           - Undefined Weak Reference
    _atexit_init                              - Undefined Weak Reference
    _call_atexit_fns                          - Undefined Weak Reference
    _clock_init                               - Undefined Weak Reference
    _fp_trap_init                             - Undefined Weak Reference
    _fp_trap_shutdown                         - Undefined Weak Reference
    _get_lc_collate                           - Undefined Weak Reference
    _get_lc_ctype                             - Undefined Weak Reference
    _get_lc_monetary                          - Undefined Weak Reference
    _get_lc_numeric                           - Undefined Weak Reference
    _get_lc_time                              - Undefined Weak Reference
    _getenv_init                              - Undefined Weak Reference
    _handle_redirection                       - Undefined Weak Reference
    _init_alloc                               - Undefined Weak Reference
    _init_user_alloc                          - Undefined Weak Reference
    _initio                                   - Undefined Weak Reference
    _rand_init                                - Undefined Weak Reference
    _signal_finish                            - Undefined Weak Reference
    _signal_init                              - Undefined Weak Reference
    _terminate_alloc                          - Undefined Weak Reference
    _terminate_user_alloc                     - Undefined Weak Reference
    _terminateio                              - Undefined Weak Reference
    __Vectors_End                            0x000000c0   Data           0  arm_startup_nrf51.o(RESET)
    __Vectors_Size                           0x000000c0   Number         0  arm_startup_nrf51.o ABSOLUTE
    __main                                   0x000000c1   Thumb Code     8  __main.o(!!!main)
    __scatterload                            0x000000c9   Thumb Code     0  __scatter.o(!!!scatter)
    __scatterload_rt2                        0x000000c9   Thumb Code    52  __scatter.o(!!!scatter)
    __scatterload_rt2_thumb_only             0x000000c9   Thumb Code     0  __scatter.o(!!!scatter)
    __scatterload_null                       0x000000d9   Thumb Code     0  __scatter.o(!!!scatter)
    __scatterload_copy                       0x00000105   Thumb Code    26  __scatter_copy.o(!!handler_copy)
    __rt_lib_init                            0x0000011f   Thumb Code     0  libinit.o(.ARM.Collect$$libinit$$00000000)
    __rt_lib_init_fp_1                       0x00000121   Thumb Code     0  libinit2.o(.ARM.Collect$$libinit$$00000001)
    __rt_lib_init_alloca_1                   0x00000125   Thumb Code     0  libinit2.o(.ARM.Collect$$libinit$$0000002C)
    __rt_lib_init_argv_1                     0x00000125   Thumb Code     0  libinit2.o(.ARM.Collect$$libinit$$0000002A)
    __rt_lib_init_atexit_1                   0x00000125   Thumb Code     0  libinit2.o(.ARM.Collect$$libinit$$00000019)
    __rt_lib_init_clock_1                    0x00000125   Thumb Code     0  libinit2.o(.ARM.Collect$$libinit$$0000001F)
    __rt_lib_init_cpp_1                      0x00000125   Thumb Code     0  libinit2.o(.ARM.Collect$$libinit$$00000030)
    __rt_lib_init_exceptions_1               0x00000125   Thumb Code     0  libinit2.o(.ARM.Collect$$libinit$$0000002E)
    __rt_lib_init_fp_trap_1                  0x00000125   Thumb Code     0  libinit2.o(.ARM.Collect$$libinit$$0000001D)
    __rt_lib_init_getenv_1                   0x00000125   Thumb Code     0  libinit2.o(.ARM.Collect$$libinit$$00000021)
    __rt_lib_init_heap_1                     0x00000125   Thumb Code     0  libinit2.o(.ARM.Collect$$libinit$$00000008)
    __rt_lib_init_lc_collate_1               0x00000125   Thumb Code     0  libinit2.o(.ARM.Collect$$libinit$$0000000F)
    __rt_lib_init_lc_ctype_1                 0x00000125   Thumb Code     0  libinit2.o(.ARM.Collect$$libinit$$00000011)
    __rt_lib_init_lc_monetary_1              0x00000125   Thumb Code     0  libinit2.o(.ARM.Collect$$libinit$$00000013)
    __rt_lib_init_lc_numeric_1               0x00000125   Thumb Code     0  libinit2.o(.ARM.Collect$$libinit$$00000015)
    __rt_lib_init_lc_time_1                  0x00000125   Thumb Code     0  libinit2.o(.ARM.Collect$$libinit$$00000017)
    __rt_lib_init_rand_1                     0x00000125   Thumb Code     0  libinit2.o(.ARM.Collect$$libinit$$0000000C)
    __rt_lib_init_return                     0x00000125   Thumb Code     0  libinit2.o(.ARM.Collect$$libinit$$00000031)
    __rt_lib_init_signal_1                   0x00000125   Thumb Code     0  libinit2.o(.ARM.Collect$$libinit$$0000001B)
    __rt_lib_init_stdio_1                    0x00000125   Thumb Code     0  libinit2.o(.ARM.Collect$$libinit$$00000023)
    __rt_lib_init_user_alloc_1               0x00000125   Thumb Code     0  libinit2.o(.ARM.Collect$$libinit$$0000000A)
    __rt_lib_shutdown                        0x00000127   Thumb Code     0  libshutdown.o(.ARM.Collect$$libshutdown$$00000000)
    __rt_lib_shutdown_fp_trap_1              0x00000129   Thumb Code     0  libshutdown2.o(.ARM.Collect$$libshutdown$$00000006)
    __rt_lib_shutdown_heap_1                 0x00000129   Thumb Code     0  libshutdown2.o(.ARM.Collect$$libshutdown$$0000000E)
    __rt_lib_shutdown_return                 0x00000129   Thumb Code     0  libshutdown2.o(.ARM.Collect$$libshutdown$$0000000F)
    __rt_lib_shutdown_signal_1               0x00000129   Thumb Code     0  libshutdown2.o(.ARM.Collect$$libshutdown$$00000009)
    __rt_lib_shutdown_stdio_1                0x00000129   Thumb Code     0  libshutdown2.o(.ARM.Collect$$libshutdown$$00000003)
    __rt_lib_shutdown_user_alloc_1           0x00000129   Thumb Code     0  libshutdown2.o(.ARM.Collect$$libshutdown$$0000000B)
    __rt_entry                               0x0000012b   Thumb Code     0  rtentry.o(.ARM.Collect$$rtentry$$00000000)
    __rt_entry_presh_1                       0x0000012b   Thumb Code     0  rtentry2.o(.ARM.Collect$$rtentry$$00000002)
    __rt_entry_sh                            0x0000012b   Thumb Code     0  rtentry4.o(.ARM.Collect$$rtentry$$00000004)
    __rt_entry_li                            0x00000131   Thumb Code     0  rtentry2.o(.ARM.Collect$$rtentry$$0000000A)
    __rt_entry_postsh_1                      0x00000131   Thumb Code     0  rtentry2.o(.ARM.Collect$$rtentry$$00000009)
    __rt_entry_main                          0x00000135   Thumb Code     0  rtentry2.o(.ARM.Collect$$rtentry$$0000000D)
    __rt_entry_postli_1                      0x00000135   Thumb Code     0  rtentry2.o(.ARM.Collect$$rtentry$$0000000C)
    __rt_exit                                0x0000013d   Thumb Code     0  rtexit.o(.ARM.Collect$$rtexit$$00000000)
    __rt_exit_ls                             0x0000013f   Thumb Code     0  rtexit2.o(.ARM.Collect$$rtexit$$00000003)
    __rt_exit_prels_1                        0x0000013f   Thumb Code     0  rtexit2.o(.ARM.Collect$$rtexit$$00000002)
    __rt_exit_exit                           0x00000143   Thumb Code     0  rtexit2.o(.ARM.Collect$$rtexit$$00000004)
    __asm___15_twi_sw_master_c_959ec897__nrf_delay_us 0x00000149   Thumb Code    30  twi_sw_master.o(.emb_text)
    __asm___11_nrf_delay_c_532987f3__nrf_delay_us 0x00000169   Thumb Code    30  nrf_delay.o(.emb_text)
    main                                     0x00000189   Thumb Code   246  main.o(.text)
    Reset_Handler                            0x000002c5   Thumb Code    26  arm_startup_nrf51.o(.text)
    NMI_Handler                              0x000002df   Thumb Code     2  arm_startup_nrf51.o(.text)
    HardFault_Handler                        0x000002e1   Thumb Code     2  arm_startup_nrf51.o(.text)
    SVC_Handler                              0x000002e3   Thumb Code     2  arm_startup_nrf51.o(.text)
    PendSV_Handler                           0x000002e5   Thumb Code     2  arm_startup_nrf51.o(.text)
    SysTick_Handler                          0x000002e7   Thumb Code     2  arm_startup_nrf51.o(.text)
    ADC_IRQHandler                           0x000002e9   Thumb Code     0  arm_startup_nrf51.o(.text)
    CCM_AAR_IRQHandler                       0x000002e9   Thumb Code     0  arm_startup_nrf51.o(.text)
    ECB_IRQHandler                           0x000002e9   Thumb Code     0  arm_startup_nrf51.o(.text)
    GPIOTE_IRQHandler                        0x000002e9   Thumb Code     0  arm_startup_nrf51.o(.text)
    LPCOMP_IRQHandler                        0x000002e9   Thumb Code     0  arm_startup_nrf51.o(.text)
    POWER_CLOCK_IRQHandler                   0x000002e9   Thumb Code     0  arm_startup_nrf51.o(.text)
    QDEC_IRQHandler                          0x000002e9   Thumb Code     0  arm_startup_nrf51.o(.text)
    RADIO_IRQHandler                         0x000002e9   Thumb Code     0  arm_startup_nrf51.o(.text)
    RNG_IRQHandler                           0x000002e9   Thumb Code     0  arm_startup_nrf51.o(.text)
    RTC0_IRQHandler                          0x000002e9   Thumb Code     0  arm_startup_nrf51.o(.text)
    RTC1_IRQHandler                          0x000002e9   Thumb Code     0  arm_startup_nrf51.o(.text)
    SPI0_TWI0_IRQHandler                     0x000002e9   Thumb Code     0  arm_startup_nrf51.o(.text)
    SPI1_TWI1_IRQHandler                     0x000002e9   Thumb Code     0  arm_startup_nrf51.o(.text)
    SWI0_IRQHandler                          0x000002e9   Thumb Code     0  arm_startup_nrf51.o(.text)
    SWI1_IRQHandler                          0x000002e9   Thumb Code     0  arm_startup_nrf51.o(.text)
    SWI2_IRQHandler                          0x000002e9   Thumb Code     0  arm_startup_nrf51.o(.text)
    SWI3_IRQHandler                          0x000002e9   Thumb Code     0  arm_startup_nrf51.o(.text)
    SWI4_IRQHandler                          0x000002e9   Thumb Code     0  arm_startup_nrf51.o(.text)
    SWI5_IRQHandler                          0x000002e9   Thumb Code     0  arm_startup_nrf51.o(.text)
    TEMP_IRQHandler                          0x000002e9   Thumb Code     0  arm_startup_nrf51.o(.text)
    TIMER0_IRQHandler                        0x000002e9   Thumb Code     0  arm_startup_nrf51.o(.text)
    TIMER1_IRQHandler                        0x000002e9   Thumb Code     0  arm_startup_nrf51.o(.text)
    TIMER2_IRQHandler                        0x000002e9   Thumb Code     0  arm_startup_nrf51.o(.text)
    UART0_IRQHandler                         0x000002e9   Thumb Code     0  arm_startup_nrf51.o(.text)
    WDT_IRQHandler                           0x000002e9   Thumb Code     0  arm_startup_nrf51.o(.text)
    __user_initial_stackheap                 0x000002ed   Thumb Code     0  arm_startup_nrf51.o(.text)
    SystemCoreClockUpdate                    0x00000319   Thumb Code     8  system_nrf51.o(.text)
    SystemInit                               0x000003bd   Thumb Code    38  system_nrf51.o(.text)
    twi_master_init                          0x00000489   Thumb Code    64  twi_sw_master.o(.text)
    twi_master_transfer                      0x00000695   Thumb Code   128  twi_sw_master.o(.text)
    ds1624_init                              0x00000757   Thumb Code    66  ds1624.o(.text)
    ds1624_start_temp_conversion             0x00000799   Thumb Code    18  ds1624.o(.text)
    ds1624_is_temp_conversion_done           0x000007ab   Thumb Code    24  ds1624.o(.text)
    ds1624_temp_read                         0x000007c3   Thumb Code    74  ds1624.o(.text)
    touchpad_product_id_read                 0x0000081d   Thumb Code    58  synaptics_touchpad.o(.text)
    touchpad_product_id_verify               0x00000857   Thumb Code    44  synaptics_touchpad.o(.text)
    touchpad_write_register                  0x00000883   Thumb Code    28  synaptics_touchpad.o(.text)
    touchpad_init                            0x0000089f   Thumb Code    48  synaptics_touchpad.o(.text)
    touchpad_reset                           0x000008cf   Thumb Code    24  synaptics_touchpad.o(.text)
    touchpad_read_register                   0x000008e7   Thumb Code    50  synaptics_touchpad.o(.text)
    touchpad_interrupt_status_read           0x00000919   Thumb Code    14  synaptics_touchpad.o(.text)
    touchpad_set_sleep_mode                  0x00000927   Thumb Code    14  synaptics_touchpad.o(.text)
    nrf_delay_ms                             0x00000941   Thumb Code    24  nrf_delay.o(.text)
    __use_two_region_memory                  0x0000095d   Thumb Code     2  heapauxi.o(.text)
    __rt_heap_escrow$2region                 0x0000095f   Thumb Code     2  heapauxi.o(.text)
    __rt_heap_expand$2region                 0x00000961   Thumb Code     2  heapauxi.o(.text)
    __user_setup_stackheap                   0x00000963   Thumb Code    62  sys_stackheap_outer.o(.text)
    exit                                     0x000009a1   Thumb Code    12  exit.o(.text)
    __user_libspace                          0x000009ad   Thumb Code     8  libspace.o(.text)
    __user_perproc_libspace                  0x000009ad   Thumb Code     0  libspace.o(.text)
    __user_perthread_libspace                0x000009ad   Thumb Code     0  libspace.o(.text)
    _sys_exit                                0x000009b5   Thumb Code     8  sys_exit.o(.text)
    __I$use$semihosting                      0x000009c1   Thumb Code     0  use_no_semi.o(.text)
    __use_no_semihosting_swi                 0x000009c1   Thumb Code     2  use_no_semi.o(.text)
    __semihosting_library_function           0x000009c3   Thumb Code     0  indicate_semi.o(.text)
    command_access_memory                    0x000009c2   Data           1  ds1624.o(.constdata)
    command_access_config                    0x000009c3   Data           1  ds1624.o(.constdata)
    command_read_temp                        0x000009c4   Data           1  ds1624.o(.constdata)
    command_start_convert_temp               0x000009c5   Data           1  ds1624.o(.constdata)
    command_stop_convert_temp                0x000009c6   Data           1  ds1624.o(.constdata)
    Region$$Table$$Base                      0x000009d4   Number         0  anon$$obj.o(Region$$Table)
    Region$$Table$$Limit                     0x000009e4   Number         0  anon$$obj.o(Region$$Table)
    SystemCoreClock                          0x20000000   Data           4  system_nrf51.o(.data)
    __libspace_start                         0x20000008   Data          96  libspace.o(.bss)
    __temporary_stack_top$libspace           0x20000068   Data           0  libspace.o(.bss)



==============================================================================

Memory Map of the image

  Image Entry point : 0x000000c1

  Load Region LR_IROM1 (Base: 0x00000000, Size: 0x000009ec, Max: 0x00040000, ABSOLUTE)

    Execution Region ER_IROM1 (Base: 0x00000000, Size: 0x000009e4, Max: 0x00040000, ABSOLUTE)

    Base Addr    Size         Type   Attr      Idx    E Section Name        Object

    0x00000000   0x000000c0   Data   RO           79    RESET               arm_startup_nrf51.o
    0x000000c0   0x00000008   Code   RO          215  * !!!main             c_p.l(__main.o)
    0x000000c8   0x0000003c   Code   RO          371    !!!scatter          c_p.l(__scatter.o)
    0x00000104   0x0000001a   Code   RO          373    !!handler_copy      c_p.l(__scatter_copy.o)
    0x0000011e   0x00000002   Code   RO          243    .ARM.Collect$$libinit$$00000000  c_p.l(libinit.o)
    0x00000120   0x00000004   Code   RO          250    .ARM.Collect$$libinit$$00000001  c_p.l(libinit2.o)
    0x00000124   0x00000000   Code   RO          254    .ARM.Collect$$libinit$$00000008  c_p.l(libinit2.o)
    0x00000124   0x00000000   Code   RO          256    .ARM.Collect$$libinit$$0000000A  c_p.l(libinit2.o)
    0x00000124   0x00000000   Code   RO          258    .ARM.Collect$$libinit$$0000000C  c_p.l(libinit2.o)
    0x00000124   0x00000000   Code   RO          261    .ARM.Collect$$libinit$$0000000F  c_p.l(libinit2.o)
    0x00000124   0x00000000   Code   RO          263    .ARM.Collect$$libinit$$00000011  c_p.l(libinit2.o)
    0x00000124   0x00000000   Code   RO          265    .ARM.Collect$$libinit$$00000013  c_p.l(libinit2.o)
    0x00000124   0x00000000   Code   RO          267    .ARM.Collect$$libinit$$00000015  c_p.l(libinit2.o)
    0x00000124   0x00000000   Code   RO          269    .ARM.Collect$$libinit$$00000017  c_p.l(libinit2.o)
    0x00000124   0x00000000   Code   RO          271    .ARM.Collect$$libinit$$00000019  c_p.l(libinit2.o)
    0x00000124   0x00000000   Code   RO          273    .ARM.Collect$$libinit$$0000001B  c_p.l(libinit2.o)
    0x00000124   0x00000000   Code   RO          275    .ARM.Collect$$libinit$$0000001D  c_p.l(libinit2.o)
    0x00000124   0x00000000   Code   RO          277    .ARM.Collect$$libinit$$0000001F  c_p.l(libinit2.o)
    0x00000124   0x00000000   Code   RO          279    .ARM.Collect$$libinit$$00000021  c_p.l(libinit2.o)
    0x00000124   0x00000000   Code   RO          281    .ARM.Collect$$libinit$$00000023  c_p.l(libinit2.o)
    0x00000124   0x00000000   Code   RO          285    .ARM.Collect$$libinit$$0000002A  c_p.l(libinit2.o)
    0x00000124   0x00000000   Code   RO          287    .ARM.Collect$$libinit$$0000002C  c_p.l(libinit2.o)
    0x00000124   0x00000000   Code   RO          289    .ARM.Collect$$libinit$$0000002E  c_p.l(libinit2.o)
    0x00000124   0x00000000   Code   RO          291    .ARM.Collect$$libinit$$00000030  c_p.l(libinit2.o)
    0x00000124   0x00000002   Code   RO          292    .ARM.Collect$$libinit$$00000031  c_p.l(libinit2.o)
    0x00000126   0x00000002   Code   RO          312    .ARM.Collect$$libshutdown$$00000000  c_p.l(libshutdown.o)
    0x00000128   0x00000000   Code   RO          326    .ARM.Collect$$libshutdown$$00000003  c_p.l(libshutdown2.o)
    0x00000128   0x00000000   Code   RO          329    .ARM.Collect$$libshutdown$$00000006  c_p.l(libshutdown2.o)
    0x00000128   0x00000000   Code   RO          332    .ARM.Collect$$libshutdown$$00000009  c_p.l(libshutdown2.o)
    0x00000128   0x00000000   Code   RO          334    .ARM.Collect$$libshutdown$$0000000B  c_p.l(libshutdown2.o)
    0x00000128   0x00000000   Code   RO          337    .ARM.Collect$$libshutdown$$0000000E  c_p.l(libshutdown2.o)
    0x00000128   0x00000002   Code   RO          338    .ARM.Collect$$libshutdown$$0000000F  c_p.l(libshutdown2.o)
    0x0000012a   0x00000000   Code   RO          217    .ARM.Collect$$rtentry$$00000000  c_p.l(rtentry.o)
    0x0000012a   0x00000000   Code   RO          219    .ARM.Collect$$rtentry$$00000002  c_p.l(rtentry2.o)
    0x0000012a   0x00000006   Code   RO          231    .ARM.Collect$$rtentry$$00000004  c_p.l(rtentry4.o)
    0x00000130   0x00000000   Code   RO          221    .ARM.Collect$$rtentry$$00000009  c_p.l(rtentry2.o)
    0x00000130   0x00000004   Code   RO          222    .ARM.Collect$$rtentry$$0000000A  c_p.l(rtentry2.o)
    0x00000134   0x00000000   Code   RO          224    .ARM.Collect$$rtentry$$0000000C  c_p.l(rtentry2.o)
    0x00000134   0x00000008   Code   RO          225    .ARM.Collect$$rtentry$$0000000D  c_p.l(rtentry2.o)
    0x0000013c   0x00000002   Code   RO          248    .ARM.Collect$$rtexit$$00000000  c_p.l(rtexit.o)
    0x0000013e   0x00000000   Code   RO          294    .ARM.Collect$$rtexit$$00000002  c_p.l(rtexit2.o)
    0x0000013e   0x00000004   Code   RO          295    .ARM.Collect$$rtexit$$00000003  c_p.l(rtexit2.o)
    0x00000142   0x00000006   Code   RO          296    .ARM.Collect$$rtexit$$00000004  c_p.l(rtexit2.o)
    0x00000148   0x0000001e   Code   RO          112    .emb_text           twi_sw_master.o
    0x00000166   0x00000002   PAD
    0x00000168   0x0000001e   Code   RO          182    .emb_text           nrf_delay.o
    0x00000186   0x00000002   PAD
    0x00000188   0x0000013c   Code   RO            4    .text               main.o
    0x000002c4   0x00000054   Code   RO           80    .text               arm_startup_nrf51.o
    0x00000318   0x000000e8   Code   RO           86    .text               system_nrf51.o
    0x00000400   0x00000320   Code   RO          113    .text               twi_sw_master.o
    0x00000720   0x000000fc   Code   RO          140    .text               ds1624.o
    0x0000081c   0x00000124   Code   RO          165    .text               synaptics_touchpad.o
    0x00000940   0x0000001c   Code   RO          183    .text               nrf_delay.o
    0x0000095c   0x00000006   Code   RO          213    .text               c_p.l(heapauxi.o)
    0x00000962   0x0000003e   Code   RO          233    .text               c_p.l(sys_stackheap_outer.o)
    0x000009a0   0x0000000c   Code   RO          236    .text               c_p.l(exit.o)
    0x000009ac   0x00000008   Code   RO          244    .text               c_p.l(libspace.o)
    0x000009b4   0x0000000c   Code   RO          304    .text               c_p.l(sys_exit.o)
    0x000009c0   0x00000002   Code   RO          315    .text               c_p.l(use_no_semi.o)
    0x000009c2   0x00000000   Code   RO          317    .text               c_p.l(indicate_semi.o)
    0x000009c2   0x00000005   Data   RO          141    .constdata          ds1624.o
    0x000009c7   0x0000000a   Data   RO          166    .constdata          synaptics_touchpad.o
    0x000009d1   0x00000003   PAD
    0x000009d4   0x00000010   Data   RO          369    Region$$Table       anon$$obj.o


    Execution Region RW_IRAM1 (Base: 0x20000000, Size: 0x00001068, Max: 0x00004000, ABSOLUTE, UNINIT)

    Base Addr    Size         Type   Attr      Idx    E Section Name        Object

    0x20000000   0x00000004   Data   RW           87    .data               system_nrf51.o
    0x20000004   0x00000001   Data   RW          142    .data               ds1624.o
    0x20000005   0x00000001   Data   RW          167    .data               synaptics_touchpad.o
    0x20000006   0x00000002   PAD
    0x20000008   0x00000060   Zero   RW          245    .bss                c_p.l(libspace.o)
    0x20000068   0x00000800   Zero   RW           78    HEAP                arm_startup_nrf51.o
    0x20000868   0x00000800   Zero   RW           77    STACK               arm_startup_nrf51.o


==============================================================================

Image component sizes


      Code (inc. data)   RO Data    RW Data    ZI Data      Debug   Object Name

        84         36        192          0       4096        712   arm_startup_nrf51.o
       252         16          5          1          0       2824   ds1624.o
       316          6          0          0          0       8935   main.o
        58          4          0          0          0       1491   nrf_delay.o
       292         12         10          1          0       3449   synaptics_touchpad.o
       232         30          0          4          0       1369   system_nrf51.o
       830         12          0          0          0       4478   twi_sw_master.o

    ----------------------------------------------------------------------
      2068        116        226          8       4096      23258   Object Totals
         0          0         16          0          0          0   (incl. Generated)
         4          0          3          2          0          0   (incl. Padding)

    ----------------------------------------------------------------------

      Code (inc. data)   RO Data    RW Data    ZI Data      Debug   Library Member Name

         8          0          0          0          0         68   __main.o
        60          8          0          0          0          0   __scatter.o
        26          0          0          0          0          0   __scatter_copy.o
        12          0          0          0          0         64   exit.o
         6          0          0          0          0        136   heapauxi.o
         0          0          0          0          0          0   indicate_semi.o
         2          0          0          0          0          0   libinit.o
         6          0          0          0          0          0   libinit2.o
         2          0          0          0          0          0   libshutdown.o
         2          0          0          0          0          0   libshutdown2.o
         8          4          0          0         96         68   libspace.o
         0          0          0          0          0          0   rtentry.o
        12          0          0          0          0          0   rtentry2.o
         6          0          0          0          0          0   rtentry4.o
         2          0          0          0          0          0   rtexit.o
        10          0          0          0          0          0   rtexit2.o
        12          4          0          0          0         60   sys_exit.o
        62          0          0          0          0         80   sys_stackheap_outer.o
         2          0          0          0          0         68   use_no_semi.o

    ----------------------------------------------------------------------
       238         16          0          0         96        544   Library Totals
         0          0          0          0          0          0   (incl. Padding)

    ----------------------------------------------------------------------

      Code (inc. data)   RO Data    RW Data    ZI Data      Debug   Library Name

       238         16          0          0         96        544   c_p.l

    ----------------------------------------------------------------------
       238         16          0          0         96        544   Library Totals

    ----------------------------------------------------------------------

==============================================================================


      Code (inc. data)   RO Data    RW Data    ZI Data      Debug   

      2306        132        226          8       4192      23274   Grand Totals
      2306        132        226          8       4192      23274   ELF Image Totals
      2306        132        226          8          0          0   ROM Totals

==============================================================================

    Total RO  Size (Code + RO Data)                 2532 (   2.47kB)
    Total RW  Size (RW Data + ZI Data)              4200 (   4.10kB)
    Total ROM Size (Code + RO Data + RW Data)       2540 (   2.48kB)

==============================================================================

