<html>
<body>
<pre>
<h1>µVision Build Log</h1>
<h2>Project:</h2>
C:\Nordic Semiconductor\nRF51 SDK_v6.0.0.43681\Nordic\nrf51822\Board\nrf6310\uartTest\arm\uart_example.uvprojx
Project File Date:  07/09/2014

<h2>Output:</h2>
Build target 'nrf51822_xxaa (256K)'
creating preprocessor file for main.c...
compiling main.c...
..\main.c(139): warning:  #111-D: statement is unreachable
                uart_quit();
..\main.c: 1 warning, 0 errors
linking...
Program Size: Code=1128 RO-data=208 RW-data=4 ZI-data=4196  
FromELF: creating hex file...
".\_build\uart_example_arm.axf" - 0 Error(s), 1 Warning(s).

<h2>Software Packages used:</h2>

Package Vendor: ARM
                http://www.keil.com/pack/ARM.CMSIS.4.1.1.pack
                ARM::CMSIS:CORE:3.30.0
                CMSIS (Cortex Microcontroller Software Interface Standard)
   * Component: CORE Version: 3.30.0

Package Vendor: NordicSemiconductor
                http://www.keil.com/pack/NordicSemiconductor.nRF_DeviceFamilyPack.1.1.1.pack
                NordicSemiconductor::Device:Startup:1.0.0
                Nordic Semiconductor nRF ARM devices Device Family Pack.
   * Component: Startup Version: 1.0.0

<h2>Collection of Component include folders:</h2>
  C:\Nordic Semiconductor\nRF51 SDK_v6.0.0.43681\Nordic\nrf51822\Board\nrf6310\uartTest\arm\RTE
  C:\Keil_v5\ARM\PACK\ARM\CMSIS\4.1.1\CMSIS\Include
  C:\Keil_v5\ARM\PACK\NordicSemiconductor\nRF_DeviceFamilyPack\1.1.1\Device\Include

<h2>Collection of Component Files used:</h2>

   * Component: ARM::CMSIS:CORE:3.30.0
      Source file:   CMSIS\UserCodeTemplates\ARM\ITM_Retarget.c

   * Component: NordicSemiconductor::Device:Startup:1.0.0
      Source file:   Device\Source\arm\arm_startup_nrf51.s
      Source file:   Device\Source\system_nrf51.c
      Include file:  Device\Include\system_nrf51.h
</pre>
</body>
</html>
51.h
 file:  Device\Include\system_nrf51.h
Target not created

      Include file:  Device\Include\system_nrf51.h
file:  Device\Include\system_nrf51.h
Target not created
